Mar  3 16:18:49 raspberrypi rsyslogd: [origin software="rsyslogd" swVersion="8.4.2" x-pid="346" x-info="http://www.rsyslog.com"] start
Mar  3 16:18:49 raspberrypi kernel: [    0.000000] Booting Linux on physical CPU 0x0
Mar  3 16:18:49 raspberrypi kernel: [    0.000000] Initializing cgroup subsys cpuset
Mar  3 16:18:49 raspberrypi kernel: [    0.000000] Initializing cgroup subsys cpu
Mar  3 16:18:49 raspberrypi kernel: [    0.000000] Initializing cgroup subsys cpuacct
Mar  3 16:18:49 raspberrypi kernel: [    0.000000] Linux version 4.4.50+ (dc4@dc4-XPS13-9333) (gcc version 4.9.3 (crosstool-NG crosstool-ng-1.22.0-88-g8460611) ) #970 Mon Feb 20 19:12:50 GMT 2017
Mar  3 16:18:49 raspberrypi kernel: [    0.000000] CPU: ARMv6-compatible processor [410fb767] revision 7 (ARMv7), cr=00c5387d
Mar  3 16:18:49 raspberrypi kernel: [    0.000000] CPU: PIPT / VIPT nonaliasing data cache, VIPT nonaliasing instruction cache
Mar  3 16:18:49 raspberrypi kernel: [    0.000000] Machine model: Raspberry Pi Model B Plus Rev 1.2
Mar  3 16:18:49 raspberrypi kernel: [    0.000000] cma: Reserved 8 MiB at 0x1b400000
Mar  3 16:18:49 raspberrypi kernel: [    0.000000] Memory policy: Data cache writeback
Mar  3 16:18:49 raspberrypi kernel: [    0.000000] Built 1 zonelists in Zone order, mobility grouping on.  Total pages: 113680
Mar  3 16:18:49 raspberrypi kernel: [    0.000000] Kernel command line: bcm2708_fb.fbwidth=1824 bcm2708_fb.fbheight=984 bcm2708_fb.fbswap=1 dma.dmachans=0x7f35 bcm2708.boardrev=0x10 bcm2708.serial=0x98083433 bcm2708.uart_clock=48000000 bcm2708.disk_led_gpio=47 bcm2708.disk_led_active_low=0 smsc95xx.macaddr=B8:27:EB:08:34:33 vc_mem.mem_base=0x1ec00000 vc_mem.mem_size=0x20000000  dwc_otg.lpm_enable=0 console=ttyAMA0,115200 console=tty1 root=/dev/mmcblk0p2 rootfstype=ext4 elevator=deadline fsck.repair=yes rootwait
Mar  3 16:18:49 raspberrypi kernel: [    0.000000] PID hash table entries: 2048 (order: 1, 8192 bytes)
Mar  3 16:18:49 raspberrypi kernel: [    0.000000] Dentry cache hash table entries: 65536 (order: 6, 262144 bytes)
Mar  3 16:18:49 raspberrypi kernel: [    0.000000] Inode-cache hash table entries: 32768 (order: 5, 131072 bytes)
Mar  3 16:18:49 raspberrypi kernel: [    0.000000] Memory: 436516K/458752K available (6063K kernel code, 437K rwdata, 1844K rodata, 376K init, 726K bss, 14044K reserved, 8192K cma-reserved)
Mar  3 16:18:49 raspberrypi kernel: [    0.000000] Virtual kernel memory layout:
Mar  3 16:18:49 raspberrypi kernel: [    0.000000]     vector  : 0xffff0000 - 0xffff1000   (   4 kB)
Mar  3 16:18:49 raspberrypi kernel: [    0.000000]     fixmap  : 0xffc00000 - 0xfff00000   (3072 kB)
Mar  3 16:18:49 raspberrypi kernel: [    0.000000]     vmalloc : 0xdc800000 - 0xff800000   ( 560 MB)
Mar  3 16:18:49 raspberrypi kernel: [    0.000000]     lowmem  : 0xc0000000 - 0xdc000000   ( 448 MB)
Mar  3 16:18:49 raspberrypi kernel: [    0.000000]     modules : 0xbf000000 - 0xc0000000   (  16 MB)
Mar  3 16:18:49 raspberrypi kernel: [    0.000000]       .text : 0xc0008000 - 0xc07c1094   (7909 kB)
Mar  3 16:18:49 raspberrypi kernel: [    0.000000]       .init : 0xc07c2000 - 0xc0820000   ( 376 kB)
Mar  3 16:18:49 raspberrypi kernel: [    0.000000]       .data : 0xc0820000 - 0xc088d590   ( 438 kB)
Mar  3 16:18:49 raspberrypi kernel: [    0.000000]        .bss : 0xc088d590 - 0xc0943150   ( 727 kB)
Mar  3 16:18:49 raspberrypi kernel: [    0.000000] SLUB: HWalign=32, Order=0-3, MinObjects=0, CPUs=1, Nodes=1
Mar  3 16:18:49 raspberrypi kernel: [    0.000000] NR_IRQS:16 nr_irqs:16 16
Mar  3 16:18:49 raspberrypi kernel: [    0.000029] sched_clock: 32 bits at 1000kHz, resolution 1000ns, wraps every 2147483647500ns
Mar  3 16:18:49 raspberrypi kernel: [    0.000072] clocksource: timer: mask: 0xffffffff max_cycles: 0xffffffff, max_idle_ns: 1911260446275 ns
Mar  3 16:18:49 raspberrypi kernel: [    0.000168] bcm2835: system timer (irq = 27)
Mar  3 16:18:49 raspberrypi kernel: [    0.000476] Console: colour dummy device 80x30
Mar  3 16:18:49 raspberrypi kernel: [    0.001423] console [tty1] enabled
Mar  3 16:18:49 raspberrypi kernel: [    0.001476] Calibrating delay loop... 697.95 BogoMIPS (lpj=3489792)
Mar  3 16:18:49 raspberrypi kernel: [    0.060340] pid_max: default: 32768 minimum: 301
Mar  3 16:18:49 raspberrypi kernel: [    0.060743] Mount-cache hash table entries: 1024 (order: 0, 4096 bytes)
Mar  3 16:18:49 raspberrypi kernel: [    0.060815] Mountpoint-cache hash table entries: 1024 (order: 0, 4096 bytes)
Mar  3 16:18:49 raspberrypi kernel: [    0.061843] Disabling cpuset control group subsystem
Mar  3 16:18:49 raspberrypi kernel: [    0.061946] Initializing cgroup subsys io
Mar  3 16:18:49 raspberrypi kernel: [    0.062011] Initializing cgroup subsys memory
Mar  3 16:18:49 raspberrypi kernel: [    0.062098] Initializing cgroup subsys devices
Mar  3 16:18:49 raspberrypi kernel: [    0.062161] Initializing cgroup subsys freezer
Mar  3 16:18:49 raspberrypi kernel: [    0.062219] Initializing cgroup subsys net_cls
Mar  3 16:18:49 raspberrypi kernel: [    0.062336] CPU: Testing write buffer coherency: ok
Mar  3 16:18:49 raspberrypi kernel: [    0.062450] ftrace: allocating 20652 entries in 61 pages
Mar  3 16:18:49 raspberrypi kernel: [    0.173439] Setting up static identity map for 0x81c0 - 0x81f8
Mar  3 16:18:49 raspberrypi kernel: [    0.175366] devtmpfs: initialized
Mar  3 16:18:49 raspberrypi kernel: [    0.184677] VFP support v0.3: implementor 41 architecture 1 part 20 variant b rev 5
Mar  3 16:18:49 raspberrypi kernel: [    0.185292] clocksource: jiffies: mask: 0xffffffff max_cycles: 0xffffffff, max_idle_ns: 19112604462750000 ns
Mar  3 16:18:49 raspberrypi kernel: [    0.187187] pinctrl core: initialized pinctrl subsystem
Mar  3 16:18:49 raspberrypi kernel: [    0.188166] NET: Registered protocol family 16
Mar  3 16:18:49 raspberrypi kernel: [    0.193864] DMA: preallocated 4096 KiB pool for atomic coherent allocations
Mar  3 16:18:49 raspberrypi kernel: [    0.202367] hw-breakpoint: found 6 breakpoint and 1 watchpoint registers.
Mar  3 16:18:49 raspberrypi kernel: [    0.202455] hw-breakpoint: maximum watchpoint size is 4 bytes.
Mar  3 16:18:49 raspberrypi kernel: [    0.202640] Serial: AMBA PL011 UART driver
Mar  3 16:18:49 raspberrypi kernel: [    0.203174] 20201000.uart: ttyAMA0 at MMIO 0x20201000 (irq = 81, base_baud = 0) is a PL011 rev2
Mar  3 16:18:49 raspberrypi kernel: [    0.573907] console [ttyAMA0] enabled
Mar  3 16:18:49 raspberrypi kernel: [    0.578420] bcm2835-mbox 2000b880.mailbox: mailbox enabled
Mar  3 16:18:49 raspberrypi kernel: [    0.628706] bcm2835-dma 20007000.dma: DMA legacy API manager at f2007000, dmachans=0x1
Mar  3 16:18:49 raspberrypi kernel: [    0.637753] SCSI subsystem initialized
Mar  3 16:18:49 raspberrypi kernel: [    0.641887] usbcore: registered new interface driver usbfs
Mar  3 16:18:49 raspberrypi kernel: [    0.647614] usbcore: registered new interface driver hub
Mar  3 16:18:49 raspberrypi kernel: [    0.653139] usbcore: registered new device driver usb
Mar  3 16:18:49 raspberrypi kernel: [    0.668387] raspberrypi-firmware soc:firmware: Attached to firmware from 2017-03-03 13:42
Mar  3 16:18:49 raspberrypi kernel: [    0.704404] clocksource: Switched to clocksource timer
Mar  3 16:18:49 raspberrypi kernel: [    0.761282] FS-Cache: Loaded
Mar  3 16:18:49 raspberrypi kernel: [    0.764751] CacheFiles: Loaded
Mar  3 16:18:49 raspberrypi kernel: [    0.787828] NET: Registered protocol family 2
Mar  3 16:18:49 raspberrypi kernel: [    0.793587] TCP established hash table entries: 4096 (order: 2, 16384 bytes)
Mar  3 16:18:49 raspberrypi kernel: [    0.800884] TCP bind hash table entries: 4096 (order: 2, 16384 bytes)
Mar  3 16:18:49 raspberrypi kernel: [    0.807508] TCP: Hash tables configured (established 4096 bind 4096)
Mar  3 16:18:49 raspberrypi kernel: [    0.814135] UDP hash table entries: 256 (order: 0, 4096 bytes)
Mar  3 16:18:49 raspberrypi kernel: [    0.820100] UDP-Lite hash table entries: 256 (order: 0, 4096 bytes)
Mar  3 16:18:49 raspberrypi kernel: [    0.826833] NET: Registered protocol family 1
Mar  3 16:18:49 raspberrypi kernel: [    0.831824] RPC: Registered named UNIX socket transport module.
Mar  3 16:18:49 raspberrypi kernel: [    0.837893] RPC: Registered udp transport module.
Mar  3 16:18:49 raspberrypi kernel: [    0.842636] RPC: Registered tcp transport module.
Mar  3 16:18:49 raspberrypi kernel: [    0.847414] RPC: Registered tcp NFSv4.1 backchannel transport module.
Mar  3 16:18:49 raspberrypi kernel: [    0.855319] hw perfevents: enabled with armv6_1176 PMU driver, 3 counters available
Mar  3 16:18:49 raspberrypi kernel: [    0.864585] futex hash table entries: 256 (order: -1, 3072 bytes)
Mar  3 16:18:49 raspberrypi kernel: [    0.887810] VFS: Disk quotas dquot_6.6.0
Mar  3 16:18:49 raspberrypi kernel: [    0.892218] VFS: Dquot-cache hash table entries: 1024 (order 0, 4096 bytes)
Mar  3 16:18:49 raspberrypi kernel: [    0.902097] FS-Cache: Netfs 'nfs' registered for caching
Mar  3 16:18:49 raspberrypi kernel: [    0.908937] NFS: Registering the id_resolver key type
Mar  3 16:18:49 raspberrypi kernel: [    0.914127] Key type id_resolver registered
Mar  3 16:18:49 raspberrypi kernel: [    0.918475] Key type id_legacy registered
Mar  3 16:18:49 raspberrypi kernel: [    0.927053] Block layer SCSI generic (bsg) driver version 0.4 loaded (major 252)
Mar  3 16:18:49 raspberrypi kernel: [    0.935091] io scheduler noop registered
Mar  3 16:18:49 raspberrypi kernel: [    0.939100] io scheduler deadline registered (default)
Mar  3 16:18:49 raspberrypi kernel: [    0.944820] io scheduler cfq registered
Mar  3 16:18:49 raspberrypi kernel: [    0.951469] BCM2708FB: allocated DMA memory 5b800000
Mar  3 16:18:49 raspberrypi kernel: [    0.956656] BCM2708FB: allocated DMA channel 0 @ f2007000
Mar  3 16:18:49 raspberrypi kernel: [    1.006154] Console: switching to colour frame buffer device 228x61
Mar  3 16:18:49 raspberrypi kernel: [    1.048648] bcm2835-rng 20104000.rng: hwrng registered
Mar  3 16:18:49 raspberrypi kernel: [    1.054202] vc-cma: Videocore CMA driver
Mar  3 16:18:49 raspberrypi kernel: [    1.058396] vc-cma: vc_cma_base      = 0x00000000
Mar  3 16:18:49 raspberrypi kernel: [    1.063293] vc-cma: vc_cma_size      = 0x00000000 (0 MiB)
Mar  3 16:18:49 raspberrypi kernel: [    1.068947] vc-cma: vc_cma_initial   = 0x00000000 (0 MiB)
Mar  3 16:18:49 raspberrypi kernel: [    1.075108] vc-mem: phys_addr:0x00000000 mem_base=0x1ec00000 mem_size:0x20000000(512 MiB)
Mar  3 16:18:49 raspberrypi kernel: [    1.112098] brd: module loaded
Mar  3 16:18:49 raspberrypi kernel: [    1.129161] loop: module loaded
Mar  3 16:18:49 raspberrypi kernel: [    1.133661] vchiq: vchiq_init_state: slot_zero = 0xdb880000, is_master = 0
Mar  3 16:18:49 raspberrypi kernel: [    1.143590] Loading iSCSI transport class v2.0-870.
Mar  3 16:18:49 raspberrypi kernel: [    1.150182] usbcore: registered new interface driver smsc95xx
Mar  3 16:18:49 raspberrypi kernel: [    1.156590] dwc_otg: version 3.00a 10-AUG-2012 (platform bus)
Mar  3 16:18:49 raspberrypi kernel: [    1.363336] Core Release: 2.80a
Mar  3 16:18:49 raspberrypi kernel: [    1.366805] Setting default values for core params
Mar  3 16:18:49 raspberrypi kernel: [    1.371805] Finished setting default values for core params
Mar  3 16:18:49 raspberrypi kernel: [    1.578063] Using Buffer DMA mode
Mar  3 16:18:49 raspberrypi kernel: [    1.581553] Periodic Transfer Interrupt Enhancement - disabled
Mar  3 16:18:49 raspberrypi kernel: [    1.587660] Multiprocessor Interrupt Enhancement - disabled
Mar  3 16:18:49 raspberrypi kernel: [    1.593456] OTG VER PARAM: 0, OTG VER FLAG: 0
Mar  3 16:18:49 raspberrypi kernel: [    1.598094] Dedicated Tx FIFOs mode
Mar  3 16:18:49 raspberrypi kernel: [    1.602372] WARN::dwc_otg_hcd_init:1047: FIQ DMA bounce buffers: virt = 0xdb814000 dma = 0x5b814000 len=9024
Mar  3 16:18:49 raspberrypi kernel: [    1.612682] FIQ FSM acceleration enabled for :
Mar  3 16:18:49 raspberrypi kernel: [    1.612682] Non-periodic Split Transactions
Mar  3 16:18:49 raspberrypi kernel: [    1.612682] Periodic Split Transactions
Mar  3 16:18:49 raspberrypi kernel: [    1.612682] High-Speed Isochronous Endpoints
Mar  3 16:18:49 raspberrypi kernel: [    1.612682] Interrupt/Control Split Transaction hack enabled
Mar  3 16:18:49 raspberrypi kernel: [    1.644494] WARN::hcd_init_fiq:415: FIQ on core 0 at 0xc040a120
Mar  3 16:18:49 raspberrypi kernel: [    1.659084] WARN::hcd_init_fiq:416: FIQ ASM at 0xc040a3fc length 36
Mar  3 16:18:49 raspberrypi kernel: [    1.673934] WARN::hcd_init_fiq:441: MPHI regs_base at 0xdc898000
Mar  3 16:18:49 raspberrypi kernel: [    1.688807] dwc_otg 20980000.usb: DWC OTG Controller
Mar  3 16:18:49 raspberrypi kernel: [    1.702770] dwc_otg 20980000.usb: new USB bus registered, assigned bus number 1
Mar  3 16:18:49 raspberrypi kernel: [    1.719134] dwc_otg 20980000.usb: irq 56, io mem 0x00000000
Mar  3 16:18:49 raspberrypi kernel: [    1.733631] Init: Port Power? op_state=1
Mar  3 16:18:49 raspberrypi kernel: [    1.746308] Init: Power Port (0)
Mar  3 16:18:49 raspberrypi kernel: [    1.758309] usb usb1: New USB device found, idVendor=1d6b, idProduct=0002
Mar  3 16:18:49 raspberrypi kernel: [    1.773770] usb usb1: New USB device strings: Mfr=3, Product=2, SerialNumber=1
Mar  3 16:18:49 raspberrypi kernel: [    1.789781] usb usb1: Product: DWC OTG Controller
Mar  3 16:18:49 raspberrypi kernel: [    1.803397] usb usb1: Manufacturer: Linux 4.4.50+ dwc_otg_hcd
Mar  3 16:18:49 raspberrypi kernel: [    1.818139] usb usb1: SerialNumber: 20980000.usb
Mar  3 16:18:49 raspberrypi kernel: [    1.832972] hub 1-0:1.0: USB hub found
Mar  3 16:18:49 raspberrypi kernel: [    1.845650] hub 1-0:1.0: 1 port detected
Mar  3 16:18:49 raspberrypi kernel: [    1.859841] usbcore: registered new interface driver usb-storage
Mar  3 16:18:49 raspberrypi kernel: [    1.875194] mousedev: PS/2 mouse device common for all mice
Mar  3 16:18:49 raspberrypi kernel: [    1.890700] bcm2835-cpufreq: min=700000 max=700000
Mar  3 16:18:49 raspberrypi kernel: [    1.904703] sdhci: Secure Digital Host Controller Interface driver
Mar  3 16:18:49 raspberrypi kernel: [    1.919704] sdhci: Copyright(c) Pierre Ossman
Mar  3 16:18:49 raspberrypi kernel: [    1.933250] sdhost: log_buf @ db813000 (5b813000)
Mar  3 16:18:49 raspberrypi kernel: [    2.004506] mmc0: sdhost-bcm2835 loaded - DMA enabled (>1)
Mar  3 16:18:49 raspberrypi kernel: [    2.039797] sdhci-pltfm: SDHCI platform and OF driver helper
Mar  3 16:18:49 raspberrypi kernel: [    2.061023] ledtrig-cpu: registered to indicate activity on CPUs
Mar  3 16:18:49 raspberrypi kernel: [    2.075872] Indeed it is in host mode hprt0 = 00021501
Mar  3 16:18:49 raspberrypi kernel: [    2.152478] hidraw: raw HID events driver (C) Jiri Kosina
Mar  3 16:18:49 raspberrypi kernel: [    2.171732] usbcore: registered new interface driver usbhid
Mar  3 16:18:49 raspberrypi kernel: [    2.186348] usbhid: USB HID core driver
Mar  3 16:18:49 raspberrypi kernel: [    2.200830] Initializing XFRM netlink socket
Mar  3 16:18:49 raspberrypi kernel: [    2.215374] NET: Registered protocol family 17
Mar  3 16:18:49 raspberrypi kernel: [    2.229053] Key type dns_resolver registered
Mar  3 16:18:49 raspberrypi kernel: [    2.249843] registered taskstats version 1
Mar  3 16:18:49 raspberrypi kernel: [    2.262986] mmc0: host does not support reading read-only switch, assuming write-enable
Mar  3 16:18:49 raspberrypi kernel: [    2.280721] vc-sm: Videocore shared memory driver
Mar  3 16:18:49 raspberrypi kernel: [    2.294657] [vc_sm_connected_init]: start
Mar  3 16:18:49 raspberrypi kernel: [    2.307979] mmc0: new high speed SDHC card at address e624
Mar  3 16:18:49 raspberrypi kernel: [    2.323794] [vc_sm_connected_init]: end - returning 0
Mar  3 16:18:49 raspberrypi kernel: [    2.338098] usb 1-1: new high-speed USB device number 2 using dwc_otg
Mar  3 16:18:49 raspberrypi kernel: [    2.355371] mmcblk0: mmc0:e624 SU08G 7.40 GiB
Mar  3 16:18:49 raspberrypi kernel: [    2.369634] Indeed it is in host mode hprt0 = 00001101
Mar  3 16:18:49 raspberrypi kernel: [    2.444759] of_cfs_init
Mar  3 16:18:49 raspberrypi kernel: [    2.457160] of_cfs_init: OK
Mar  3 16:18:49 raspberrypi kernel: [    2.472991]  mmcblk0: p1 p2
Mar  3 16:18:49 raspberrypi kernel: [    2.514757] EXT4-fs (mmcblk0p2): mounted filesystem with ordered data mode. Opts: (null)
Mar  3 16:18:49 raspberrypi kernel: [    2.532146] VFS: Mounted root (ext4 filesystem) readonly on device 179:2.
Mar  3 16:18:49 raspberrypi kernel: [    2.566941] devtmpfs: mounted
Mar  3 16:18:49 raspberrypi kernel: [    2.580523] Freeing unused kernel memory: 376K (c07c2000 - c0820000)
Mar  3 16:18:49 raspberrypi kernel: [    2.615145] usb 1-1: New USB device found, idVendor=0424, idProduct=9514
Mar  3 16:18:49 raspberrypi kernel: [    2.630948] usb 1-1: New USB device strings: Mfr=0, Product=0, SerialNumber=0
Mar  3 16:18:49 raspberrypi kernel: [    2.650005] hub 1-1:1.0: USB hub found
Mar  3 16:18:49 raspberrypi kernel: [    2.663481] hub 1-1:1.0: 5 ports detected
Mar  3 16:18:49 raspberrypi kernel: [    2.954579] usb 1-1.1: new high-speed USB device number 3 using dwc_otg
Mar  3 16:18:49 raspberrypi kernel: [    3.085158] usb 1-1.1: New USB device found, idVendor=0424, idProduct=ec00
Mar  3 16:18:49 raspberrypi kernel: [    3.101514] usb 1-1.1: New USB device strings: Mfr=0, Product=0, SerialNumber=0
Mar  3 16:18:49 raspberrypi kernel: [    3.121625] smsc95xx v1.0.4
Mar  3 16:18:49 raspberrypi kernel: [    3.202168] smsc95xx 1-1.1:1.0 eth0: register 'smsc95xx' at usb-20980000.usb-1.1, smsc95xx USB 2.0 Ethernet, b8:27:eb:08:34:33
Mar  3 16:18:49 raspberrypi kernel: [    3.304558] usb 1-1.2: new full-speed USB device number 4 using dwc_otg
Mar  3 16:18:49 raspberrypi kernel: [    3.347566] random: systemd: uninitialized urandom read (16 bytes read, 53 bits of entropy available)
Mar  3 16:18:49 raspberrypi kernel: [    3.461627] usb 1-1.2: New USB device found, idVendor=046d, idProduct=c52b
Mar  3 16:18:49 raspberrypi kernel: [    3.478476] usb 1-1.2: New USB device strings: Mfr=1, Product=2, SerialNumber=0
Mar  3 16:18:49 raspberrypi kernel: [    3.495532] usb 1-1.2: Product: USB Receiver
Mar  3 16:18:49 raspberrypi kernel: [    3.509444] usb 1-1.2: Manufacturer: Logitech
Mar  3 16:18:49 raspberrypi kernel: [    3.712724] NET: Registered protocol family 10
Mar  3 16:18:49 raspberrypi kernel: [    3.957075] uart-pl011 20201000.uart: no DMA platform data
Mar  3 16:18:49 raspberrypi kernel: [    4.063936] random: systemd-sysv-ge: uninitialized urandom read (16 bytes read, 57 bits of entropy available)
Mar  3 16:18:49 raspberrypi kernel: [    4.325662] random: systemd: uninitialized urandom read (16 bytes read, 59 bits of entropy available)
Mar  3 16:18:49 raspberrypi kernel: [    4.347410] random: systemd: uninitialized urandom read (16 bytes read, 59 bits of entropy available)
Mar  3 16:18:49 raspberrypi kernel: [    4.369499] random: systemd: uninitialized urandom read (16 bytes read, 59 bits of entropy available)
Mar  3 16:18:49 raspberrypi kernel: [    4.443415] random: systemd: uninitialized urandom read (16 bytes read, 59 bits of entropy available)
Mar  3 16:18:49 raspberrypi kernel: [    4.464103] random: systemd: uninitialized urandom read (16 bytes read, 59 bits of entropy available)
Mar  3 16:18:49 raspberrypi kernel: [    4.483361] random: systemd: uninitialized urandom read (16 bytes read, 59 bits of entropy available)
Mar  3 16:18:49 raspberrypi kernel: [    4.588305] random: systemd: uninitialized urandom read (16 bytes read, 59 bits of entropy available)
Mar  3 16:18:49 raspberrypi kernel: [    4.641225] random: systemd: uninitialized urandom read (16 bytes read, 60 bits of entropy available)
Mar  3 16:18:49 raspberrypi kernel: [    9.609604] bcm2835-wdt 20100000.watchdog: Broadcom BCM2835 watchdog timer
Mar  3 16:18:49 raspberrypi kernel: [    9.641607] gpiomem-bcm2835 20200000.gpiomem: Initialised: Registers at 0x20200000
Mar  3 16:18:49 raspberrypi kernel: [   10.817047] EXT4-fs (mmcblk0p2): re-mounted. Opts: (null)
Mar  3 16:18:49 raspberrypi kernel: [   11.087740] logitech-djreceiver 0003:046D:C52B.0003: hiddev0,hidraw0: USB HID v1.11 Device [Logitech USB Receiver] on usb-20980000.usb-1.2/input2
Mar  3 16:18:49 raspberrypi kernel: [   13.807965] random: nonblocking pool is initialized
Mar  3 16:18:49 raspberrypi kernel: [   14.732483] input: Logitech K750 as /devices/platform/soc/20980000.usb/usb1/1-1/1-1.2/1-1.2:1.2/0003:046D:C52B.0003/0003:046D:4012.0004/input/input0
Mar  3 16:18:49 raspberrypi kernel: [   14.775205] logitech-hidpp-device 0003:046D:4012.0004: input,hidraw1: USB HID v1.11 Keyboard [Logitech K750] on usb-20980000.usb-1.2:1
Mar  3 16:18:49 raspberrypi kernel: [   17.870929] cfg80211: World regulatory domain updated:
Mar  3 16:18:49 raspberrypi kernel: [   17.870979] cfg80211:  DFS Master region: unset
Mar  3 16:18:49 raspberrypi kernel: [   17.870996] cfg80211:   (start_freq - end_freq @ bandwidth), (max_antenna_gain, max_eirp), (dfs_cac_time)
Mar  3 16:18:49 raspberrypi kernel: [   17.871022] cfg80211:   (2402000 KHz - 2472000 KHz @ 40000 KHz), (N/A, 2000 mBm), (N/A)
Mar  3 16:18:49 raspberrypi kernel: [   17.871045] cfg80211:   (2457000 KHz - 2482000 KHz @ 20000 KHz, 92000 KHz AUTO), (N/A, 2000 mBm), (N/A)
Mar  3 16:18:49 raspberrypi kernel: [   17.871061] cfg80211:   (2474000 KHz - 2494000 KHz @ 20000 KHz), (N/A, 2000 mBm), (N/A)
Mar  3 16:18:49 raspberrypi kernel: [   17.871078] cfg80211:   (5170000 KHz - 5250000 KHz @ 80000 KHz, 160000 KHz AUTO), (N/A, 2000 mBm), (N/A)
Mar  3 16:18:49 raspberrypi kernel: [   17.871096] cfg80211:   (5250000 KHz - 5330000 KHz @ 80000 KHz, 160000 KHz AUTO), (N/A, 2000 mBm), (0 s)
Mar  3 16:18:49 raspberrypi kernel: [   17.871113] cfg80211:   (5490000 KHz - 5730000 KHz @ 160000 KHz), (N/A, 2000 mBm), (0 s)
Mar  3 16:18:49 raspberrypi kernel: [   17.871128] cfg80211:   (5735000 KHz - 5835000 KHz @ 80000 KHz), (N/A, 2000 mBm), (N/A)
Mar  3 16:18:49 raspberrypi kernel: [   17.871145] cfg80211:   (57240000 KHz - 63720000 KHz @ 2160000 KHz), (N/A, 0 mBm), (N/A)
Mar  3 16:18:49 raspberrypi kernel: [   18.056279] EXT4-fs (mmcblk0p2): resizing filesystem from 323072 to 1923328 blocks
Mar  3 16:18:50 raspberrypi kernel: [   18.299672] EXT4-fs (mmcblk0p2): resized filesystem to 1923328
Mar  3 16:18:54 raspberrypi kernel: [   22.625281] smsc95xx 1-1.1:1.0 eth0: hardware isn't capable of remote wakeup
Mar  3 16:18:54 raspberrypi kernel: [   22.632046] IPv6: ADDRCONF(NETDEV_UP): eth0: link is not ready
Mar  3 16:19:15 raspberrypi kernel: [   43.924604] Adding 102396k swap on /var/swap.  Priority:-1 extents:3 across:208892k SSFS
Mar  3 16:34:52 raspberrypi rsyslogd: [origin software="rsyslogd" swVersion="8.4.2" x-pid="346" x-info="http://www.rsyslog.com"] exiting on signal 15.
Mar  3 16:35:43 raspberrypi rsyslogd: [origin software="rsyslogd" swVersion="8.4.2" x-pid="342" x-info="http://www.rsyslog.com"] start
Mar  3 16:35:43 raspberrypi kernel: [    0.000000] Booting Linux on physical CPU 0x0
Mar  3 16:35:43 raspberrypi kernel: [    0.000000] Initializing cgroup subsys cpuset
Mar  3 16:35:43 raspberrypi kernel: [    0.000000] Initializing cgroup subsys cpu
Mar  3 16:35:43 raspberrypi kernel: [    0.000000] Initializing cgroup subsys cpuacct
Mar  3 16:35:43 raspberrypi kernel: [    0.000000] Linux version 4.4.50+ (dc4@dc4-XPS13-9333) (gcc version 4.9.3 (crosstool-NG crosstool-ng-1.22.0-88-g8460611) ) #970 Mon Feb 20 19:12:50 GMT 2017
Mar  3 16:35:43 raspberrypi kernel: [    0.000000] CPU: ARMv6-compatible processor [410fb767] revision 7 (ARMv7), cr=00c5387d
Mar  3 16:35:43 raspberrypi kernel: [    0.000000] CPU: PIPT / VIPT nonaliasing data cache, VIPT nonaliasing instruction cache
Mar  3 16:35:43 raspberrypi kernel: [    0.000000] Machine model: Raspberry Pi Model B Plus Rev 1.2
Mar  3 16:35:43 raspberrypi kernel: [    0.000000] cma: Reserved 8 MiB at 0x1b400000
Mar  3 16:35:43 raspberrypi kernel: [    0.000000] Memory policy: Data cache writeback
Mar  3 16:35:43 raspberrypi kernel: [    0.000000] Built 1 zonelists in Zone order, mobility grouping on.  Total pages: 113680
Mar  3 16:35:43 raspberrypi kernel: [    0.000000] Kernel command line: bcm2708_fb.fbwidth=1824 bcm2708_fb.fbheight=984 bcm2708_fb.fbswap=1 dma.dmachans=0x7f35 bcm2708.boardrev=0x10 bcm2708.serial=0x98083433 bcm2708.uart_clock=48000000 bcm2708.disk_led_gpio=47 bcm2708.disk_led_active_low=0 smsc95xx.macaddr=B8:27:EB:08:34:33 vc_mem.mem_base=0x1ec00000 vc_mem.mem_size=0x20000000  dwc_otg.lpm_enable=0 console=ttyAMA0,115200 console=tty1 root=/dev/mmcblk0p2 rootfstype=ext4 elevator=deadline fsck.repair=yes rootwait
Mar  3 16:35:43 raspberrypi kernel: [    0.000000] PID hash table entries: 2048 (order: 1, 8192 bytes)
Mar  3 16:35:43 raspberrypi kernel: [    0.000000] Dentry cache hash table entries: 65536 (order: 6, 262144 bytes)
Mar  3 16:35:43 raspberrypi kernel: [    0.000000] Inode-cache hash table entries: 32768 (order: 5, 131072 bytes)
Mar  3 16:35:43 raspberrypi kernel: [    0.000000] Memory: 436516K/458752K available (6063K kernel code, 437K rwdata, 1844K rodata, 376K init, 726K bss, 14044K reserved, 8192K cma-reserved)
Mar  3 16:35:43 raspberrypi kernel: [    0.000000] Virtual kernel memory layout:
Mar  3 16:35:43 raspberrypi kernel: [    0.000000]     vector  : 0xffff0000 - 0xffff1000   (   4 kB)
Mar  3 16:35:43 raspberrypi kernel: [    0.000000]     fixmap  : 0xffc00000 - 0xfff00000   (3072 kB)
Mar  3 16:35:43 raspberrypi kernel: [    0.000000]     vmalloc : 0xdc800000 - 0xff800000   ( 560 MB)
Mar  3 16:35:43 raspberrypi kernel: [    0.000000]     lowmem  : 0xc0000000 - 0xdc000000   ( 448 MB)
Mar  3 16:35:43 raspberrypi kernel: [    0.000000]     modules : 0xbf000000 - 0xc0000000   (  16 MB)
Mar  3 16:35:43 raspberrypi kernel: [    0.000000]       .text : 0xc0008000 - 0xc07c1094   (7909 kB)
Mar  3 16:35:43 raspberrypi kernel: [    0.000000]       .init : 0xc07c2000 - 0xc0820000   ( 376 kB)
Mar  3 16:35:43 raspberrypi kernel: [    0.000000]       .data : 0xc0820000 - 0xc088d590   ( 438 kB)
Mar  3 16:35:43 raspberrypi kernel: [    0.000000]        .bss : 0xc088d590 - 0xc0943150   ( 727 kB)
Mar  3 16:35:43 raspberrypi kernel: [    0.000000] SLUB: HWalign=32, Order=0-3, MinObjects=0, CPUs=1, Nodes=1
Mar  3 16:35:43 raspberrypi kernel: [    0.000000] NR_IRQS:16 nr_irqs:16 16
Mar  3 16:35:43 raspberrypi kernel: [    0.000028] sched_clock: 32 bits at 1000kHz, resolution 1000ns, wraps every 2147483647500ns
Mar  3 16:35:43 raspberrypi kernel: [    0.000070] clocksource: timer: mask: 0xffffffff max_cycles: 0xffffffff, max_idle_ns: 1911260446275 ns
Mar  3 16:35:43 raspberrypi kernel: [    0.000168] bcm2835: system timer (irq = 27)
Mar  3 16:35:43 raspberrypi kernel: [    0.000476] Console: colour dummy device 80x30
Mar  3 16:35:43 raspberrypi kernel: [    0.001424] console [tty1] enabled
Mar  3 16:35:43 raspberrypi kernel: [    0.001479] Calibrating delay loop... 697.95 BogoMIPS (lpj=3489792)
Mar  3 16:35:43 raspberrypi kernel: [    0.060340] pid_max: default: 32768 minimum: 301
Mar  3 16:35:43 raspberrypi kernel: [    0.060740] Mount-cache hash table entries: 1024 (order: 0, 4096 bytes)
Mar  3 16:35:43 raspberrypi kernel: [    0.060811] Mountpoint-cache hash table entries: 1024 (order: 0, 4096 bytes)
Mar  3 16:35:43 raspberrypi kernel: [    0.061841] Disabling cpuset control group subsystem
Mar  3 16:35:43 raspberrypi kernel: [    0.061943] Initializing cgroup subsys io
Mar  3 16:35:43 raspberrypi kernel: [    0.062010] Initializing cgroup subsys memory
Mar  3 16:35:43 raspberrypi kernel: [    0.062098] Initializing cgroup subsys devices
Mar  3 16:35:43 raspberrypi kernel: [    0.062159] Initializing cgroup subsys freezer
Mar  3 16:35:43 raspberrypi kernel: [    0.062218] Initializing cgroup subsys net_cls
Mar  3 16:35:43 raspberrypi kernel: [    0.062336] CPU: Testing write buffer coherency: ok
Mar  3 16:35:43 raspberrypi kernel: [    0.062450] ftrace: allocating 20652 entries in 61 pages
Mar  3 16:35:43 raspberrypi kernel: [    0.173452] Setting up static identity map for 0x81c0 - 0x81f8
Mar  3 16:35:43 raspberrypi kernel: [    0.175385] devtmpfs: initialized
Mar  3 16:35:43 raspberrypi kernel: [    0.184698] VFP support v0.3: implementor 41 architecture 1 part 20 variant b rev 5
Mar  3 16:35:43 raspberrypi kernel: [    0.185314] clocksource: jiffies: mask: 0xffffffff max_cycles: 0xffffffff, max_idle_ns: 19112604462750000 ns
Mar  3 16:35:43 raspberrypi kernel: [    0.187202] pinctrl core: initialized pinctrl subsystem
Mar  3 16:35:43 raspberrypi kernel: [    0.188187] NET: Registered protocol family 16
Mar  3 16:35:43 raspberrypi kernel: [    0.193889] DMA: preallocated 4096 KiB pool for atomic coherent allocations
Mar  3 16:35:43 raspberrypi kernel: [    0.202359] hw-breakpoint: found 6 breakpoint and 1 watchpoint registers.
Mar  3 16:35:43 raspberrypi kernel: [    0.202446] hw-breakpoint: maximum watchpoint size is 4 bytes.
Mar  3 16:35:43 raspberrypi kernel: [    0.202631] Serial: AMBA PL011 UART driver
Mar  3 16:35:43 raspberrypi kernel: [    0.203165] 20201000.uart: ttyAMA0 at MMIO 0x20201000 (irq = 81, base_baud = 0) is a PL011 rev2
Mar  3 16:35:43 raspberrypi kernel: [    0.573905] console [ttyAMA0] enabled
Mar  3 16:35:43 raspberrypi kernel: [    0.578416] bcm2835-mbox 2000b880.mailbox: mailbox enabled
Mar  3 16:35:43 raspberrypi kernel: [    0.628716] bcm2835-dma 20007000.dma: DMA legacy API manager at f2007000, dmachans=0x1
Mar  3 16:35:43 raspberrypi kernel: [    0.637761] SCSI subsystem initialized
Mar  3 16:35:43 raspberrypi kernel: [    0.641894] usbcore: registered new interface driver usbfs
Mar  3 16:35:43 raspberrypi kernel: [    0.647628] usbcore: registered new interface driver hub
Mar  3 16:35:43 raspberrypi kernel: [    0.653153] usbcore: registered new device driver usb
Mar  3 16:35:43 raspberrypi kernel: [    0.668400] raspberrypi-firmware soc:firmware: Attached to firmware from 2017-03-03 13:42
Mar  3 16:35:43 raspberrypi kernel: [    0.704423] clocksource: Switched to clocksource timer
Mar  3 16:35:43 raspberrypi kernel: [    0.761306] FS-Cache: Loaded
Mar  3 16:35:43 raspberrypi kernel: [    0.764774] CacheFiles: Loaded
Mar  3 16:35:43 raspberrypi kernel: [    0.787827] NET: Registered protocol family 2
Mar  3 16:35:43 raspberrypi kernel: [    0.793587] TCP established hash table entries: 4096 (order: 2, 16384 bytes)
Mar  3 16:35:43 raspberrypi kernel: [    0.800888] TCP bind hash table entries: 4096 (order: 2, 16384 bytes)
Mar  3 16:35:43 raspberrypi kernel: [    0.807508] TCP: Hash tables configured (established 4096 bind 4096)
Mar  3 16:35:43 raspberrypi kernel: [    0.814135] UDP hash table entries: 256 (order: 0, 4096 bytes)
Mar  3 16:35:43 raspberrypi kernel: [    0.820100] UDP-Lite hash table entries: 256 (order: 0, 4096 bytes)
Mar  3 16:35:43 raspberrypi kernel: [    0.826836] NET: Registered protocol family 1
Mar  3 16:35:43 raspberrypi kernel: [    0.831830] RPC: Registered named UNIX socket transport module.
Mar  3 16:35:43 raspberrypi kernel: [    0.837897] RPC: Registered udp transport module.
Mar  3 16:35:43 raspberrypi kernel: [    0.842640] RPC: Registered tcp transport module.
Mar  3 16:35:43 raspberrypi kernel: [    0.847420] RPC: Registered tcp NFSv4.1 backchannel transport module.
Mar  3 16:35:43 raspberrypi kernel: [    0.855334] hw perfevents: enabled with armv6_1176 PMU driver, 3 counters available
Mar  3 16:35:43 raspberrypi kernel: [    0.864606] futex hash table entries: 256 (order: -1, 3072 bytes)
Mar  3 16:35:43 raspberrypi kernel: [    0.887811] VFS: Disk quotas dquot_6.6.0
Mar  3 16:35:43 raspberrypi kernel: [    0.892220] VFS: Dquot-cache hash table entries: 1024 (order 0, 4096 bytes)
Mar  3 16:35:43 raspberrypi kernel: [    0.902104] FS-Cache: Netfs 'nfs' registered for caching
Mar  3 16:35:43 raspberrypi kernel: [    0.908940] NFS: Registering the id_resolver key type
Mar  3 16:35:43 raspberrypi kernel: [    0.914127] Key type id_resolver registered
Mar  3 16:35:43 raspberrypi kernel: [    0.918477] Key type id_legacy registered
Mar  3 16:35:43 raspberrypi kernel: [    0.927073] Block layer SCSI generic (bsg) driver version 0.4 loaded (major 252)
Mar  3 16:35:43 raspberrypi kernel: [    0.935120] io scheduler noop registered
Mar  3 16:35:43 raspberrypi kernel: [    0.939128] io scheduler deadline registered (default)
Mar  3 16:35:43 raspberrypi kernel: [    0.944847] io scheduler cfq registered
Mar  3 16:35:43 raspberrypi kernel: [    0.951494] BCM2708FB: allocated DMA memory 5b800000
Mar  3 16:35:43 raspberrypi kernel: [    0.956679] BCM2708FB: allocated DMA channel 0 @ f2007000
Mar  3 16:35:43 raspberrypi kernel: [    1.006635] Console: switching to colour frame buffer device 228x61
Mar  3 16:35:43 raspberrypi kernel: [    1.048922] bcm2835-rng 20104000.rng: hwrng registered
Mar  3 16:35:43 raspberrypi kernel: [    1.054616] vc-cma: Videocore CMA driver
Mar  3 16:35:43 raspberrypi kernel: [    1.058724] vc-cma: vc_cma_base      = 0x00000000
Mar  3 16:35:43 raspberrypi kernel: [    1.063604] vc-cma: vc_cma_size      = 0x00000000 (0 MiB)
Mar  3 16:35:43 raspberrypi kernel: [    1.069237] vc-cma: vc_cma_initial   = 0x00000000 (0 MiB)
Mar  3 16:35:43 raspberrypi kernel: [    1.075398] vc-mem: phys_addr:0x00000000 mem_base=0x1ec00000 mem_size:0x20000000(512 MiB)
Mar  3 16:35:43 raspberrypi kernel: [    1.112493] brd: module loaded
Mar  3 16:35:43 raspberrypi kernel: [    1.129704] loop: module loaded
Mar  3 16:35:43 raspberrypi kernel: [    1.134385] vchiq: vchiq_init_state: slot_zero = 0xdb880000, is_master = 0
Mar  3 16:35:43 raspberrypi kernel: [    1.144375] Loading iSCSI transport class v2.0-870.
Mar  3 16:35:43 raspberrypi kernel: [    1.151244] usbcore: registered new interface driver smsc95xx
Mar  3 16:35:43 raspberrypi kernel: [    1.157681] dwc_otg: version 3.00a 10-AUG-2012 (platform bus)
Mar  3 16:35:43 raspberrypi kernel: [    1.364288] Core Release: 2.80a
Mar  3 16:35:43 raspberrypi kernel: [    1.367758] Setting default values for core params
Mar  3 16:35:43 raspberrypi kernel: [    1.372786] Finished setting default values for core params
Mar  3 16:35:43 raspberrypi kernel: [    1.579018] Using Buffer DMA mode
Mar  3 16:35:43 raspberrypi kernel: [    1.582502] Periodic Transfer Interrupt Enhancement - disabled
Mar  3 16:35:43 raspberrypi kernel: [    1.588608] Multiprocessor Interrupt Enhancement - disabled
Mar  3 16:35:43 raspberrypi kernel: [    1.594402] OTG VER PARAM: 0, OTG VER FLAG: 0
Mar  3 16:35:43 raspberrypi kernel: [    1.599052] Dedicated Tx FIFOs mode
Mar  3 16:35:43 raspberrypi kernel: [    1.603327] WARN::dwc_otg_hcd_init:1047: FIQ DMA bounce buffers: virt = 0xdb814000 dma = 0x5b814000 len=9024
Mar  3 16:35:43 raspberrypi kernel: [    1.613623] FIQ FSM acceleration enabled for :
Mar  3 16:35:43 raspberrypi kernel: [    1.613623] Non-periodic Split Transactions
Mar  3 16:35:43 raspberrypi kernel: [    1.613623] Periodic Split Transactions
Mar  3 16:35:43 raspberrypi kernel: [    1.613623] High-Speed Isochronous Endpoints
Mar  3 16:35:43 raspberrypi kernel: [    1.613623] Interrupt/Control Split Transaction hack enabled
Mar  3 16:35:43 raspberrypi kernel: [    1.645563] WARN::hcd_init_fiq:415: FIQ on core 0 at 0xc040a120
Mar  3 16:35:43 raspberrypi kernel: [    1.660151] WARN::hcd_init_fiq:416: FIQ ASM at 0xc040a3fc length 36
Mar  3 16:35:43 raspberrypi kernel: [    1.675018] WARN::hcd_init_fiq:441: MPHI regs_base at 0xdc898000
Mar  3 16:35:43 raspberrypi kernel: [    1.689710] dwc_otg 20980000.usb: DWC OTG Controller
Mar  3 16:35:43 raspberrypi kernel: [    1.703328] dwc_otg 20980000.usb: new USB bus registered, assigned bus number 1
Mar  3 16:35:43 raspberrypi kernel: [    1.719699] dwc_otg 20980000.usb: irq 56, io mem 0x00000000
Mar  3 16:35:43 raspberrypi kernel: [    1.734226] Init: Port Power? op_state=1
Mar  3 16:35:43 raspberrypi kernel: [    1.746952] Init: Power Port (0)
Mar  3 16:35:43 raspberrypi kernel: [    1.759156] usb usb1: New USB device found, idVendor=1d6b, idProduct=0002
Mar  3 16:35:43 raspberrypi kernel: [    1.774597] usb usb1: New USB device strings: Mfr=3, Product=2, SerialNumber=1
Mar  3 16:35:43 raspberrypi kernel: [    1.790411] usb usb1: Product: DWC OTG Controller
Mar  3 16:35:43 raspberrypi kernel: [    1.803752] usb usb1: Manufacturer: Linux 4.4.50+ dwc_otg_hcd
Mar  3 16:35:43 raspberrypi kernel: [    1.818477] usb usb1: SerialNumber: 20980000.usb
Mar  3 16:35:43 raspberrypi kernel: [    1.833478] hub 1-0:1.0: USB hub found
Mar  3 16:35:43 raspberrypi kernel: [    1.846252] hub 1-0:1.0: 1 port detected
Mar  3 16:35:43 raspberrypi kernel: [    1.860508] usbcore: registered new interface driver usb-storage
Mar  3 16:35:43 raspberrypi kernel: [    1.875861] mousedev: PS/2 mouse device common for all mice
Mar  3 16:35:43 raspberrypi kernel: [    1.891305] bcm2835-cpufreq: min=700000 max=700000
Mar  3 16:35:43 raspberrypi kernel: [    1.905088] sdhci: Secure Digital Host Controller Interface driver
Mar  3 16:35:43 raspberrypi kernel: [    1.919897] sdhci: Copyright(c) Pierre Ossman
Mar  3 16:35:43 raspberrypi kernel: [    1.933544] sdhost: log_buf @ db813000 (5b813000)
Mar  3 16:35:43 raspberrypi kernel: [    2.004526] mmc0: sdhost-bcm2835 loaded - DMA enabled (>1)
Mar  3 16:35:43 raspberrypi kernel: [    2.039674] sdhci-pltfm: SDHCI platform and OF driver helper
Mar  3 16:35:43 raspberrypi kernel: [    2.060580] ledtrig-cpu: registered to indicate activity on CPUs
Mar  3 16:35:43 raspberrypi kernel: [    2.075447] Indeed it is in host mode hprt0 = 00021501
Mar  3 16:35:43 raspberrypi kernel: [    2.152421] hidraw: raw HID events driver (C) Jiri Kosina
Mar  3 16:35:43 raspberrypi kernel: [    2.171697] usbcore: registered new interface driver usbhid
Mar  3 16:35:43 raspberrypi kernel: [    2.186156] usbhid: USB HID core driver
Mar  3 16:35:43 raspberrypi kernel: [    2.201003] Initializing XFRM netlink socket
Mar  3 16:35:43 raspberrypi kernel: [    2.215434] NET: Registered protocol family 17
Mar  3 16:35:43 raspberrypi kernel: [    2.229343] Key type dns_resolver registered
Mar  3 16:35:43 raspberrypi kernel: [    2.251272] mmc0: host does not support reading read-only switch, assuming write-enable
Mar  3 16:35:43 raspberrypi kernel: [    2.268921] registered taskstats version 1
Mar  3 16:35:43 raspberrypi kernel: [    2.282801] vc-sm: Videocore shared memory driver
Mar  3 16:35:43 raspberrypi kernel: [    2.296962] [vc_sm_connected_init]: start
Mar  3 16:35:43 raspberrypi kernel: [    2.310453] mmc0: new high speed SDHC card at address e624
Mar  3 16:35:43 raspberrypi kernel: [    2.324837] usb 1-1: new high-speed USB device number 2 using dwc_otg
Mar  3 16:35:43 raspberrypi kernel: [    2.341616] [vc_sm_connected_init]: end - returning 0
Mar  3 16:35:43 raspberrypi kernel: [    2.357046] Indeed it is in host mode hprt0 = 00001101
Mar  3 16:35:43 raspberrypi kernel: [    2.431827] mmcblk0: mmc0:e624 SU08G 7.40 GiB
Mar  3 16:35:43 raspberrypi kernel: [    2.446228] of_cfs_init
Mar  3 16:35:43 raspberrypi kernel: [    2.458690] of_cfs_init: OK
Mar  3 16:35:43 raspberrypi kernel: [    2.474299]  mmcblk0: p1 p2
Mar  3 16:35:43 raspberrypi kernel: [    2.528610] EXT4-fs (mmcblk0p2): mounted filesystem with ordered data mode. Opts: (null)
Mar  3 16:35:43 raspberrypi kernel: [    2.545823] VFS: Mounted root (ext4 filesystem) readonly on device 179:2.
Mar  3 16:35:43 raspberrypi kernel: [    2.584381] devtmpfs: mounted
Mar  3 16:35:43 raspberrypi kernel: [    2.598098] Freeing unused kernel memory: 376K (c07c2000 - c0820000)
Mar  3 16:35:43 raspberrypi kernel: [    2.615080] usb 1-1: New USB device found, idVendor=0424, idProduct=9514
Mar  3 16:35:43 raspberrypi kernel: [    2.631131] usb 1-1: New USB device strings: Mfr=0, Product=0, SerialNumber=0
Mar  3 16:35:43 raspberrypi kernel: [    2.650706] hub 1-1:1.0: USB hub found
Mar  3 16:35:43 raspberrypi kernel: [    2.664228] hub 1-1:1.0: 5 ports detected
Mar  3 16:35:43 raspberrypi kernel: [    2.954587] usb 1-1.1: new high-speed USB device number 3 using dwc_otg
Mar  3 16:35:43 raspberrypi kernel: [    3.085164] usb 1-1.1: New USB device found, idVendor=0424, idProduct=ec00
Mar  3 16:35:43 raspberrypi kernel: [    3.101360] usb 1-1.1: New USB device strings: Mfr=0, Product=0, SerialNumber=0
Mar  3 16:35:43 raspberrypi kernel: [    3.122590] smsc95xx v1.0.4
Mar  3 16:35:43 raspberrypi kernel: [    3.204789] smsc95xx 1-1.1:1.0 eth0: register 'smsc95xx' at usb-20980000.usb-1.1, smsc95xx USB 2.0 Ethernet, b8:27:eb:08:34:33
Mar  3 16:35:43 raspberrypi kernel: [    3.304562] usb 1-1.2: new full-speed USB device number 4 using dwc_otg
Mar  3 16:35:43 raspberrypi kernel: [    3.450153] usb 1-1.2: New USB device found, idVendor=046d, idProduct=c52b
Mar  3 16:35:43 raspberrypi kernel: [    3.466904] usb 1-1.2: New USB device strings: Mfr=1, Product=2, SerialNumber=0
Mar  3 16:35:43 raspberrypi kernel: [    3.483715] usb 1-1.2: Product: USB Receiver
Mar  3 16:35:43 raspberrypi kernel: [    3.497357] usb 1-1.2: Manufacturer: Logitech
Mar  3 16:35:43 raspberrypi kernel: [    3.542545] random: systemd: uninitialized urandom read (16 bytes read, 55 bits of entropy available)
Mar  3 16:35:43 raspberrypi kernel: [    3.860842] NET: Registered protocol family 10
Mar  3 16:35:43 raspberrypi kernel: [    4.093134] uart-pl011 20201000.uart: no DMA platform data
Mar  3 16:35:43 raspberrypi kernel: [    4.255319] random: systemd-sysv-ge: uninitialized urandom read (16 bytes read, 57 bits of entropy available)
Mar  3 16:35:43 raspberrypi kernel: [    4.571228] random: systemd: uninitialized urandom read (16 bytes read, 59 bits of entropy available)
Mar  3 16:35:43 raspberrypi kernel: [    4.592918] random: systemd: uninitialized urandom read (16 bytes read, 59 bits of entropy available)
Mar  3 16:35:43 raspberrypi kernel: [    4.614837] random: systemd: uninitialized urandom read (16 bytes read, 59 bits of entropy available)
Mar  3 16:35:43 raspberrypi kernel: [    4.695595] random: systemd: uninitialized urandom read (16 bytes read, 59 bits of entropy available)
Mar  3 16:35:43 raspberrypi kernel: [    4.716175] random: systemd: uninitialized urandom read (16 bytes read, 59 bits of entropy available)
Mar  3 16:35:43 raspberrypi kernel: [    4.735800] random: systemd: uninitialized urandom read (16 bytes read, 59 bits of entropy available)
Mar  3 16:35:43 raspberrypi kernel: [    4.848615] random: systemd: uninitialized urandom read (16 bytes read, 59 bits of entropy available)
Mar  3 16:35:43 raspberrypi kernel: [    4.906103] random: systemd: uninitialized urandom read (16 bytes read, 59 bits of entropy available)
Mar  3 16:35:43 raspberrypi kernel: [    9.967216] bcm2835-wdt 20100000.watchdog: Broadcom BCM2835 watchdog timer
Mar  3 16:35:43 raspberrypi kernel: [   10.009259] gpiomem-bcm2835 20200000.gpiomem: Initialised: Registers at 0x20200000
Mar  3 16:35:43 raspberrypi kernel: [   11.318219] logitech-djreceiver 0003:046D:C52B.0003: hiddev0,hidraw0: USB HID v1.11 Device [Logitech USB Receiver] on usb-20980000.usb-1.2/input2
Mar  3 16:35:43 raspberrypi kernel: [   12.822137] input: Logitech K750 as /devices/platform/soc/20980000.usb/usb1/1-1/1-1.2/1-1.2:1.2/0003:046D:C52B.0003/0003:046D:4012.0004/input/input0
Mar  3 16:35:43 raspberrypi kernel: [   12.840668] logitech-hidpp-device 0003:046D:4012.0004: input,hidraw1: USB HID v1.11 Keyboard [Logitech K750] on usb-20980000.usb-1.2:1
Mar  3 16:35:43 raspberrypi kernel: [   14.180094] random: nonblocking pool is initialized
Mar  3 16:35:43 raspberrypi kernel: [   32.273176] EXT4-fs (mmcblk0p2): re-mounted. Opts: (null)
Mar  3 16:35:44 raspberrypi kernel: [   56.047825] cfg80211: World regulatory domain updated:
Mar  3 16:35:44 raspberrypi kernel: [   56.047869] cfg80211:  DFS Master region: unset
Mar  3 16:35:44 raspberrypi kernel: [   56.047884] cfg80211:   (start_freq - end_freq @ bandwidth), (max_antenna_gain, max_eirp), (dfs_cac_time)
Mar  3 16:35:44 raspberrypi kernel: [   56.047909] cfg80211:   (2402000 KHz - 2472000 KHz @ 40000 KHz), (N/A, 2000 mBm), (N/A)
Mar  3 16:35:44 raspberrypi kernel: [   56.047930] cfg80211:   (2457000 KHz - 2482000 KHz @ 20000 KHz, 92000 KHz AUTO), (N/A, 2000 mBm), (N/A)
Mar  3 16:35:44 raspberrypi kernel: [   56.047946] cfg80211:   (2474000 KHz - 2494000 KHz @ 20000 KHz), (N/A, 2000 mBm), (N/A)
Mar  3 16:35:44 raspberrypi kernel: [   56.047963] cfg80211:   (5170000 KHz - 5250000 KHz @ 80000 KHz, 160000 KHz AUTO), (N/A, 2000 mBm), (N/A)
Mar  3 16:35:44 raspberrypi kernel: [   56.047981] cfg80211:   (5250000 KHz - 5330000 KHz @ 80000 KHz, 160000 KHz AUTO), (N/A, 2000 mBm), (0 s)
Mar  3 16:35:44 raspberrypi kernel: [   56.047996] cfg80211:   (5490000 KHz - 5730000 KHz @ 160000 KHz), (N/A, 2000 mBm), (0 s)
Mar  3 16:35:44 raspberrypi kernel: [   56.048011] cfg80211:   (5735000 KHz - 5835000 KHz @ 80000 KHz), (N/A, 2000 mBm), (N/A)
Mar  3 16:35:44 raspberrypi kernel: [   56.048026] cfg80211:   (57240000 KHz - 63720000 KHz @ 2160000 KHz), (N/A, 0 mBm), (N/A)
Mar  3 16:35:45 raspberrypi kernel: [   57.215690] smsc95xx 1-1.1:1.0 eth0: hardware isn't capable of remote wakeup
Mar  3 16:35:45 raspberrypi kernel: [   57.222461] IPv6: ADDRCONF(NETDEV_UP): eth0: link is not ready
Mar  3 16:35:45 raspberrypi kernel: [   57.289965] Adding 102396k swap on /var/swap.  Priority:-1 extents:3 across:208892k SSFS
Mar  3 16:37:09 raspberrypi kernel: [  141.671680] smsc95xx 1-1.1:1.0 eth0: link up, 100Mbps, full-duplex, lpa 0xCDE1
Mar  3 16:37:09 raspberrypi kernel: [  141.681438] IPv6: ADDRCONF(NETDEV_CHANGE): eth0: link becomes ready
Mar  7 14:35:53 raspberrypi rsyslogd: [origin software="rsyslogd" swVersion="8.4.2" x-pid="342" x-info="http://www.rsyslog.com"] exiting on signal 15.
Mar  7 14:36:48 raspberrypi rsyslogd: [origin software="rsyslogd" swVersion="8.4.2" x-pid="343" x-info="http://www.rsyslog.com"] start
Mar  7 14:36:48 raspberrypi kernel: [    0.000000] Booting Linux on physical CPU 0x0
Mar  7 14:36:48 raspberrypi kernel: [    0.000000] Initializing cgroup subsys cpuset
Mar  7 14:36:48 raspberrypi kernel: [    0.000000] Initializing cgroup subsys cpu
Mar  7 14:36:48 raspberrypi kernel: [    0.000000] Initializing cgroup subsys cpuacct
Mar  7 14:36:48 raspberrypi kernel: [    0.000000] Linux version 4.4.50+ (dc4@dc4-XPS13-9333) (gcc version 4.9.3 (crosstool-NG crosstool-ng-1.22.0-88-g8460611) ) #970 Mon Feb 20 19:12:50 GMT 2017
Mar  7 14:36:48 raspberrypi kernel: [    0.000000] CPU: ARMv6-compatible processor [410fb767] revision 7 (ARMv7), cr=00c5387d
Mar  7 14:36:48 raspberrypi kernel: [    0.000000] CPU: PIPT / VIPT nonaliasing data cache, VIPT nonaliasing instruction cache
Mar  7 14:36:48 raspberrypi kernel: [    0.000000] Machine model: Raspberry Pi Model B Plus Rev 1.2
Mar  7 14:36:48 raspberrypi kernel: [    0.000000] cma: Reserved 8 MiB at 0x1b400000
Mar  7 14:36:48 raspberrypi kernel: [    0.000000] Memory policy: Data cache writeback
Mar  7 14:36:48 raspberrypi kernel: [    0.000000] Built 1 zonelists in Zone order, mobility grouping on.  Total pages: 113680
Mar  7 14:36:48 raspberrypi kernel: [    0.000000] Kernel command line: bcm2708_fb.fbwidth=1824 bcm2708_fb.fbheight=984 bcm2708_fb.fbswap=1 dma.dmachans=0x7f35 bcm2708.boardrev=0x10 bcm2708.serial=0x98083433 bcm2708.uart_clock=48000000 bcm2708.disk_led_gpio=47 bcm2708.disk_led_active_low=0 smsc95xx.macaddr=B8:27:EB:08:34:33 vc_mem.mem_base=0x1ec00000 vc_mem.mem_size=0x20000000  dwc_otg.lpm_enable=0 console=ttyAMA0,115200 console=tty1 root=/dev/mmcblk0p2 rootfstype=ext4 elevator=deadline fsck.repair=yes rootwait
Mar  7 14:36:48 raspberrypi kernel: [    0.000000] PID hash table entries: 2048 (order: 1, 8192 bytes)
Mar  7 14:36:48 raspberrypi kernel: [    0.000000] Dentry cache hash table entries: 65536 (order: 6, 262144 bytes)
Mar  7 14:36:48 raspberrypi kernel: [    0.000000] Inode-cache hash table entries: 32768 (order: 5, 131072 bytes)
Mar  7 14:36:48 raspberrypi kernel: [    0.000000] Memory: 436516K/458752K available (6063K kernel code, 437K rwdata, 1844K rodata, 376K init, 726K bss, 14044K reserved, 8192K cma-reserved)
Mar  7 14:36:48 raspberrypi kernel: [    0.000000] Virtual kernel memory layout:
Mar  7 14:36:48 raspberrypi kernel: [    0.000000]     vector  : 0xffff0000 - 0xffff1000   (   4 kB)
Mar  7 14:36:48 raspberrypi kernel: [    0.000000]     fixmap  : 0xffc00000 - 0xfff00000   (3072 kB)
Mar  7 14:36:48 raspberrypi kernel: [    0.000000]     vmalloc : 0xdc800000 - 0xff800000   ( 560 MB)
Mar  7 14:36:48 raspberrypi kernel: [    0.000000]     lowmem  : 0xc0000000 - 0xdc000000   ( 448 MB)
Mar  7 14:36:48 raspberrypi kernel: [    0.000000]     modules : 0xbf000000 - 0xc0000000   (  16 MB)
Mar  7 14:36:48 raspberrypi kernel: [    0.000000]       .text : 0xc0008000 - 0xc07c1094   (7909 kB)
Mar  7 14:36:48 raspberrypi kernel: [    0.000000]       .init : 0xc07c2000 - 0xc0820000   ( 376 kB)
Mar  7 14:36:48 raspberrypi kernel: [    0.000000]       .data : 0xc0820000 - 0xc088d590   ( 438 kB)
Mar  7 14:36:48 raspberrypi kernel: [    0.000000]        .bss : 0xc088d590 - 0xc0943150   ( 727 kB)
Mar  7 14:36:48 raspberrypi kernel: [    0.000000] SLUB: HWalign=32, Order=0-3, MinObjects=0, CPUs=1, Nodes=1
Mar  7 14:36:48 raspberrypi kernel: [    0.000000] NR_IRQS:16 nr_irqs:16 16
Mar  7 14:36:48 raspberrypi kernel: [    0.000029] sched_clock: 32 bits at 1000kHz, resolution 1000ns, wraps every 2147483647500ns
Mar  7 14:36:48 raspberrypi kernel: [    0.000072] clocksource: timer: mask: 0xffffffff max_cycles: 0xffffffff, max_idle_ns: 1911260446275 ns
Mar  7 14:36:48 raspberrypi kernel: [    0.000168] bcm2835: system timer (irq = 27)
Mar  7 14:36:48 raspberrypi kernel: [    0.000475] Console: colour dummy device 80x30
Mar  7 14:36:48 raspberrypi kernel: [    0.001424] console [tty1] enabled
Mar  7 14:36:48 raspberrypi kernel: [    0.001476] Calibrating delay loop... 697.95 BogoMIPS (lpj=3489792)
Mar  7 14:36:48 raspberrypi kernel: [    0.060342] pid_max: default: 32768 minimum: 301
Mar  7 14:36:48 raspberrypi kernel: [    0.060744] Mount-cache hash table entries: 1024 (order: 0, 4096 bytes)
Mar  7 14:36:48 raspberrypi kernel: [    0.060814] Mountpoint-cache hash table entries: 1024 (order: 0, 4096 bytes)
Mar  7 14:36:48 raspberrypi kernel: [    0.061841] Disabling cpuset control group subsystem
Mar  7 14:36:48 raspberrypi kernel: [    0.061944] Initializing cgroup subsys io
Mar  7 14:36:48 raspberrypi kernel: [    0.062008] Initializing cgroup subsys memory
Mar  7 14:36:48 raspberrypi kernel: [    0.062094] Initializing cgroup subsys devices
Mar  7 14:36:48 raspberrypi kernel: [    0.062156] Initializing cgroup subsys freezer
Mar  7 14:36:48 raspberrypi kernel: [    0.062215] Initializing cgroup subsys net_cls
Mar  7 14:36:48 raspberrypi kernel: [    0.062331] CPU: Testing write buffer coherency: ok
Mar  7 14:36:48 raspberrypi kernel: [    0.062447] ftrace: allocating 20652 entries in 61 pages
Mar  7 14:36:48 raspberrypi kernel: [    0.173455] Setting up static identity map for 0x81c0 - 0x81f8
Mar  7 14:36:48 raspberrypi kernel: [    0.175378] devtmpfs: initialized
Mar  7 14:36:48 raspberrypi kernel: [    0.184702] VFP support v0.3: implementor 41 architecture 1 part 20 variant b rev 5
Mar  7 14:36:48 raspberrypi kernel: [    0.185318] clocksource: jiffies: mask: 0xffffffff max_cycles: 0xffffffff, max_idle_ns: 19112604462750000 ns
Mar  7 14:36:48 raspberrypi kernel: [    0.187216] pinctrl core: initialized pinctrl subsystem
Mar  7 14:36:48 raspberrypi kernel: [    0.188182] NET: Registered protocol family 16
Mar  7 14:36:48 raspberrypi kernel: [    0.193870] DMA: preallocated 4096 KiB pool for atomic coherent allocations
Mar  7 14:36:48 raspberrypi kernel: [    0.202376] hw-breakpoint: found 6 breakpoint and 1 watchpoint registers.
Mar  7 14:36:48 raspberrypi kernel: [    0.202463] hw-breakpoint: maximum watchpoint size is 4 bytes.
Mar  7 14:36:48 raspberrypi kernel: [    0.202648] Serial: AMBA PL011 UART driver
Mar  7 14:36:48 raspberrypi kernel: [    0.203178] 20201000.uart: ttyAMA0 at MMIO 0x20201000 (irq = 81, base_baud = 0) is a PL011 rev2
Mar  7 14:36:48 raspberrypi kernel: [    0.573909] console [ttyAMA0] enabled
Mar  7 14:36:48 raspberrypi kernel: [    0.578421] bcm2835-mbox 2000b880.mailbox: mailbox enabled
Mar  7 14:36:48 raspberrypi kernel: [    0.628731] bcm2835-dma 20007000.dma: DMA legacy API manager at f2007000, dmachans=0x1
Mar  7 14:36:48 raspberrypi kernel: [    0.637781] SCSI subsystem initialized
Mar  7 14:36:48 raspberrypi kernel: [    0.641914] usbcore: registered new interface driver usbfs
Mar  7 14:36:48 raspberrypi kernel: [    0.647645] usbcore: registered new interface driver hub
Mar  7 14:36:48 raspberrypi kernel: [    0.653175] usbcore: registered new device driver usb
Mar  7 14:36:48 raspberrypi kernel: [    0.668422] raspberrypi-firmware soc:firmware: Attached to firmware from 2017-03-03 13:42
Mar  7 14:36:48 raspberrypi kernel: [    0.704441] clocksource: Switched to clocksource timer
Mar  7 14:36:48 raspberrypi kernel: [    0.761298] FS-Cache: Loaded
Mar  7 14:36:48 raspberrypi kernel: [    0.764765] CacheFiles: Loaded
Mar  7 14:36:48 raspberrypi kernel: [    0.787819] NET: Registered protocol family 2
Mar  7 14:36:48 raspberrypi kernel: [    0.793572] TCP established hash table entries: 4096 (order: 2, 16384 bytes)
Mar  7 14:36:48 raspberrypi kernel: [    0.800871] TCP bind hash table entries: 4096 (order: 2, 16384 bytes)
Mar  7 14:36:48 raspberrypi kernel: [    0.807493] TCP: Hash tables configured (established 4096 bind 4096)
Mar  7 14:36:48 raspberrypi kernel: [    0.814120] UDP hash table entries: 256 (order: 0, 4096 bytes)
Mar  7 14:36:48 raspberrypi kernel: [    0.820086] UDP-Lite hash table entries: 256 (order: 0, 4096 bytes)
Mar  7 14:36:48 raspberrypi kernel: [    0.826810] NET: Registered protocol family 1
Mar  7 14:36:48 raspberrypi kernel: [    0.831800] RPC: Registered named UNIX socket transport module.
Mar  7 14:36:48 raspberrypi kernel: [    0.837869] RPC: Registered udp transport module.
Mar  7 14:36:48 raspberrypi kernel: [    0.842612] RPC: Registered tcp transport module.
Mar  7 14:36:48 raspberrypi kernel: [    0.847391] RPC: Registered tcp NFSv4.1 backchannel transport module.
Mar  7 14:36:48 raspberrypi kernel: [    0.855306] hw perfevents: enabled with armv6_1176 PMU driver, 3 counters available
Mar  7 14:36:48 raspberrypi kernel: [    0.864574] futex hash table entries: 256 (order: -1, 3072 bytes)
Mar  7 14:36:48 raspberrypi kernel: [    0.887787] VFS: Disk quotas dquot_6.6.0
Mar  7 14:36:48 raspberrypi kernel: [    0.892195] VFS: Dquot-cache hash table entries: 1024 (order 0, 4096 bytes)
Mar  7 14:36:48 raspberrypi kernel: [    0.902075] FS-Cache: Netfs 'nfs' registered for caching
Mar  7 14:36:48 raspberrypi kernel: [    0.908908] NFS: Registering the id_resolver key type
Mar  7 14:36:48 raspberrypi kernel: [    0.914118] Key type id_resolver registered
Mar  7 14:36:48 raspberrypi kernel: [    0.918469] Key type id_legacy registered
Mar  7 14:36:48 raspberrypi kernel: [    0.927062] Block layer SCSI generic (bsg) driver version 0.4 loaded (major 252)
Mar  7 14:36:48 raspberrypi kernel: [    0.935100] io scheduler noop registered
Mar  7 14:36:48 raspberrypi kernel: [    0.939110] io scheduler deadline registered (default)
Mar  7 14:36:48 raspberrypi kernel: [    0.944833] io scheduler cfq registered
Mar  7 14:36:48 raspberrypi kernel: [    0.951481] BCM2708FB: allocated DMA memory 5b800000
Mar  7 14:36:48 raspberrypi kernel: [    0.956666] BCM2708FB: allocated DMA channel 0 @ f2007000
Mar  7 14:36:48 raspberrypi kernel: [    1.006725] Console: switching to colour frame buffer device 228x61
Mar  7 14:36:48 raspberrypi kernel: [    1.049141] bcm2835-rng 20104000.rng: hwrng registered
Mar  7 14:36:48 raspberrypi kernel: [    1.054834] vc-cma: Videocore CMA driver
Mar  7 14:36:48 raspberrypi kernel: [    1.058935] vc-cma: vc_cma_base      = 0x00000000
Mar  7 14:36:48 raspberrypi kernel: [    1.063816] vc-cma: vc_cma_size      = 0x00000000 (0 MiB)
Mar  7 14:36:48 raspberrypi kernel: [    1.069484] vc-cma: vc_cma_initial   = 0x00000000 (0 MiB)
Mar  7 14:36:48 raspberrypi kernel: [    1.075647] vc-mem: phys_addr:0x00000000 mem_base=0x1ec00000 mem_size:0x20000000(512 MiB)
Mar  7 14:36:48 raspberrypi kernel: [    1.112587] brd: module loaded
Mar  7 14:36:48 raspberrypi kernel: [    1.129677] loop: module loaded
Mar  7 14:36:48 raspberrypi kernel: [    1.134357] vchiq: vchiq_init_state: slot_zero = 0xdb880000, is_master = 0
Mar  7 14:36:48 raspberrypi kernel: [    1.144325] Loading iSCSI transport class v2.0-870.
Mar  7 14:36:48 raspberrypi kernel: [    1.151186] usbcore: registered new interface driver smsc95xx
Mar  7 14:36:48 raspberrypi kernel: [    1.157627] dwc_otg: version 3.00a 10-AUG-2012 (platform bus)
Mar  7 14:36:48 raspberrypi kernel: [    1.364305] Core Release: 2.80a
Mar  7 14:36:48 raspberrypi kernel: [    1.367806] Setting default values for core params
Mar  7 14:36:48 raspberrypi kernel: [    1.372831] Finished setting default values for core params
Mar  7 14:36:48 raspberrypi kernel: [    1.579010] Using Buffer DMA mode
Mar  7 14:36:48 raspberrypi kernel: [    1.582475] Periodic Transfer Interrupt Enhancement - disabled
Mar  7 14:36:48 raspberrypi kernel: [    1.588581] Multiprocessor Interrupt Enhancement - disabled
Mar  7 14:36:48 raspberrypi kernel: [    1.594374] OTG VER PARAM: 0, OTG VER FLAG: 0
Mar  7 14:36:48 raspberrypi kernel: [    1.599015] Dedicated Tx FIFOs mode
Mar  7 14:36:48 raspberrypi kernel: [    1.603303] WARN::dwc_otg_hcd_init:1047: FIQ DMA bounce buffers: virt = 0xdb814000 dma = 0x5b814000 len=9024
Mar  7 14:36:48 raspberrypi kernel: [    1.613596] FIQ FSM acceleration enabled for :
Mar  7 14:36:48 raspberrypi kernel: [    1.613596] Non-periodic Split Transactions
Mar  7 14:36:48 raspberrypi kernel: [    1.613596] Periodic Split Transactions
Mar  7 14:36:48 raspberrypi kernel: [    1.613596] High-Speed Isochronous Endpoints
Mar  7 14:36:48 raspberrypi kernel: [    1.613596] Interrupt/Control Split Transaction hack enabled
Mar  7 14:36:48 raspberrypi kernel: [    1.645627] WARN::hcd_init_fiq:415: FIQ on core 0 at 0xc040a120
Mar  7 14:36:48 raspberrypi kernel: [    1.660307] WARN::hcd_init_fiq:416: FIQ ASM at 0xc040a3fc length 36
Mar  7 14:36:48 raspberrypi kernel: [    1.675178] WARN::hcd_init_fiq:441: MPHI regs_base at 0xdc898000
Mar  7 14:36:48 raspberrypi kernel: [    1.689887] dwc_otg 20980000.usb: DWC OTG Controller
Mar  7 14:36:48 raspberrypi kernel: [    1.703520] dwc_otg 20980000.usb: new USB bus registered, assigned bus number 1
Mar  7 14:36:48 raspberrypi kernel: [    1.719786] dwc_otg 20980000.usb: irq 56, io mem 0x00000000
Mar  7 14:36:48 raspberrypi kernel: [    1.734276] Init: Port Power? op_state=1
Mar  7 14:36:48 raspberrypi kernel: [    1.747002] Init: Power Port (0)
Mar  7 14:36:48 raspberrypi kernel: [    1.759334] usb usb1: New USB device found, idVendor=1d6b, idProduct=0002
Mar  7 14:36:48 raspberrypi kernel: [    1.774777] usb usb1: New USB device strings: Mfr=3, Product=2, SerialNumber=1
Mar  7 14:36:48 raspberrypi kernel: [    1.790594] usb usb1: Product: DWC OTG Controller
Mar  7 14:36:48 raspberrypi kernel: [    1.803948] usb usb1: Manufacturer: Linux 4.4.50+ dwc_otg_hcd
Mar  7 14:36:48 raspberrypi kernel: [    1.818551] usb usb1: SerialNumber: 20980000.usb
Mar  7 14:36:48 raspberrypi kernel: [    1.833555] hub 1-0:1.0: USB hub found
Mar  7 14:36:48 raspberrypi kernel: [    1.846349] hub 1-0:1.0: 1 port detected
Mar  7 14:36:48 raspberrypi kernel: [    1.860725] usbcore: registered new interface driver usb-storage
Mar  7 14:36:48 raspberrypi kernel: [    1.876083] mousedev: PS/2 mouse device common for all mice
Mar  7 14:36:48 raspberrypi kernel: [    1.891576] bcm2835-cpufreq: min=700000 max=700000
Mar  7 14:36:48 raspberrypi kernel: [    1.905371] sdhci: Secure Digital Host Controller Interface driver
Mar  7 14:36:48 raspberrypi kernel: [    1.920039] sdhci: Copyright(c) Pierre Ossman
Mar  7 14:36:48 raspberrypi kernel: [    1.933667] sdhost: log_buf @ db813000 (5b813000)
Mar  7 14:36:48 raspberrypi kernel: [    2.004541] mmc0: sdhost-bcm2835 loaded - DMA enabled (>1)
Mar  7 14:36:48 raspberrypi kernel: [    2.039595] sdhci-pltfm: SDHCI platform and OF driver helper
Mar  7 14:36:48 raspberrypi kernel: [    2.060508] ledtrig-cpu: registered to indicate activity on CPUs
Mar  7 14:36:48 raspberrypi kernel: [    2.075370] Indeed it is in host mode hprt0 = 00021501
Mar  7 14:36:48 raspberrypi kernel: [    2.152294] hidraw: raw HID events driver (C) Jiri Kosina
Mar  7 14:36:48 raspberrypi kernel: [    2.171664] usbcore: registered new interface driver usbhid
Mar  7 14:36:48 raspberrypi kernel: [    2.186036] usbhid: USB HID core driver
Mar  7 14:36:48 raspberrypi kernel: [    2.200874] Initializing XFRM netlink socket
Mar  7 14:36:48 raspberrypi kernel: [    2.215467] NET: Registered protocol family 17
Mar  7 14:36:48 raspberrypi kernel: [    2.229324] Key type dns_resolver registered
Mar  7 14:36:48 raspberrypi kernel: [    2.250511] registered taskstats version 1
Mar  7 14:36:48 raspberrypi kernel: [    2.263729] mmc0: host does not support reading read-only switch, assuming write-enable
Mar  7 14:36:48 raspberrypi kernel: [    2.281900] vc-sm: Videocore shared memory driver
Mar  7 14:36:48 raspberrypi kernel: [    2.296102] [vc_sm_connected_init]: start
Mar  7 14:36:48 raspberrypi kernel: [    2.309571] mmc0: new high speed SDHC card at address e624
Mar  7 14:36:48 raspberrypi kernel: [    2.325444] [vc_sm_connected_init]: end - returning 0
Mar  7 14:36:48 raspberrypi kernel: [    2.339604] usb 1-1: new high-speed USB device number 2 using dwc_otg
Mar  7 14:36:48 raspberrypi kernel: [    2.356480] mmcblk0: mmc0:e624 SU08G 7.40 GiB
Mar  7 14:36:48 raspberrypi kernel: [    2.370417] Indeed it is in host mode hprt0 = 00001101
Mar  7 14:36:48 raspberrypi kernel: [    2.445271] of_cfs_init
Mar  7 14:36:48 raspberrypi kernel: [    2.457739] of_cfs_init: OK
Mar  7 14:36:48 raspberrypi kernel: [    2.473323]  mmcblk0: p1 p2
Mar  7 14:36:48 raspberrypi kernel: [    2.540246] EXT4-fs (mmcblk0p2): mounted filesystem with ordered data mode. Opts: (null)
Mar  7 14:36:48 raspberrypi kernel: [    2.557469] VFS: Mounted root (ext4 filesystem) readonly on device 179:2.
Mar  7 14:36:48 raspberrypi kernel: [    2.598116] devtmpfs: mounted
Mar  7 14:36:48 raspberrypi kernel: [    2.610896] usb 1-1: New USB device found, idVendor=0424, idProduct=9514
Mar  7 14:36:48 raspberrypi kernel: [    2.626502] usb 1-1: New USB device strings: Mfr=0, Product=0, SerialNumber=0
Mar  7 14:36:48 raspberrypi kernel: [    2.643923] Freeing unused kernel memory: 376K (c07c2000 - c0820000)
Mar  7 14:36:48 raspberrypi kernel: [    2.662625] hub 1-1:1.0: USB hub found
Mar  7 14:36:48 raspberrypi kernel: [    2.676023] hub 1-1:1.0: 5 ports detected
Mar  7 14:36:48 raspberrypi kernel: [    2.964569] usb 1-1.1: new high-speed USB device number 3 using dwc_otg
Mar  7 14:36:48 raspberrypi kernel: [    3.095191] usb 1-1.1: New USB device found, idVendor=0424, idProduct=ec00
Mar  7 14:36:48 raspberrypi kernel: [    3.111129] usb 1-1.1: New USB device strings: Mfr=0, Product=0, SerialNumber=0
Mar  7 14:36:48 raspberrypi kernel: [    3.131689] smsc95xx v1.0.4
Mar  7 14:36:48 raspberrypi kernel: [    3.213120] smsc95xx 1-1.1:1.0 eth0: register 'smsc95xx' at usb-20980000.usb-1.1, smsc95xx USB 2.0 Ethernet, b8:27:eb:08:34:33
Mar  7 14:36:48 raspberrypi kernel: [    3.314587] usb 1-1.2: new full-speed USB device number 4 using dwc_otg
Mar  7 14:36:48 raspberrypi kernel: [    3.460251] usb 1-1.2: New USB device found, idVendor=046d, idProduct=c52b
Mar  7 14:36:48 raspberrypi kernel: [    3.476512] usb 1-1.2: New USB device strings: Mfr=1, Product=2, SerialNumber=0
Mar  7 14:36:48 raspberrypi kernel: [    3.492976] usb 1-1.2: Product: USB Receiver
Mar  7 14:36:48 raspberrypi kernel: [    3.506302] usb 1-1.2: Manufacturer: Logitech
Mar  7 14:36:48 raspberrypi kernel: [    3.566050] random: systemd: uninitialized urandom read (16 bytes read, 57 bits of entropy available)
Mar  7 14:36:48 raspberrypi kernel: [    3.884985] NET: Registered protocol family 10
Mar  7 14:36:48 raspberrypi kernel: [    4.154587] uart-pl011 20201000.uart: no DMA platform data
Mar  7 14:36:48 raspberrypi kernel: [    4.270591] random: systemd-sysv-ge: uninitialized urandom read (16 bytes read, 59 bits of entropy available)
Mar  7 14:36:48 raspberrypi kernel: [    4.598722] random: systemd: uninitialized urandom read (16 bytes read, 60 bits of entropy available)
Mar  7 14:36:48 raspberrypi kernel: [    4.620767] random: systemd: uninitialized urandom read (16 bytes read, 60 bits of entropy available)
Mar  7 14:36:48 raspberrypi kernel: [    4.642601] random: systemd: uninitialized urandom read (16 bytes read, 60 bits of entropy available)
Mar  7 14:36:48 raspberrypi kernel: [    4.722503] random: systemd: uninitialized urandom read (16 bytes read, 61 bits of entropy available)
Mar  7 14:36:48 raspberrypi kernel: [    4.743151] random: systemd: uninitialized urandom read (16 bytes read, 61 bits of entropy available)
Mar  7 14:36:48 raspberrypi kernel: [    4.762408] random: systemd: uninitialized urandom read (16 bytes read, 61 bits of entropy available)
Mar  7 14:36:48 raspberrypi kernel: [    4.876345] random: systemd: uninitialized urandom read (16 bytes read, 61 bits of entropy available)
Mar  7 14:36:48 raspberrypi kernel: [    4.933549] random: systemd: uninitialized urandom read (16 bytes read, 61 bits of entropy available)
Mar  7 14:36:48 raspberrypi kernel: [   10.012321] bcm2835-wdt 20100000.watchdog: Broadcom BCM2835 watchdog timer
Mar  7 14:36:48 raspberrypi kernel: [   10.044724] gpiomem-bcm2835 20200000.gpiomem: Initialised: Registers at 0x20200000
Mar  7 14:36:48 raspberrypi kernel: [   11.067077] logitech-djreceiver 0003:046D:C52B.0003: hiddev0,hidraw0: USB HID v1.11 Device [Logitech USB Receiver] on usb-20980000.usb-1.2/input2
Mar  7 14:36:48 raspberrypi kernel: [   13.078375] input: Logitech K750 as /devices/platform/soc/20980000.usb/usb1/1-1/1-1.2/1-1.2:1.2/0003:046D:C52B.0003/0003:046D:4012.0004/input/input0
Mar  7 14:36:48 raspberrypi kernel: [   13.143488] logitech-hidpp-device 0003:046D:4012.0004: input,hidraw1: USB HID v1.11 Keyboard [Logitech K750] on usb-20980000.usb-1.2:1
Mar  7 14:36:48 raspberrypi kernel: [   13.854664] random: nonblocking pool is initialized
Mar  7 14:36:48 raspberrypi kernel: [   34.104988] EXT4-fs (mmcblk0p2): re-mounted. Opts: (null)
Mar  7 14:36:48 raspberrypi kernel: [   59.620823] cfg80211: World regulatory domain updated:
Mar  7 14:36:48 raspberrypi kernel: [   59.620914] cfg80211:  DFS Master region: unset
Mar  7 14:36:48 raspberrypi kernel: [   59.620935] cfg80211:   (start_freq - end_freq @ bandwidth), (max_antenna_gain, max_eirp), (dfs_cac_time)
Mar  7 14:36:48 raspberrypi kernel: [   59.620964] cfg80211:   (2402000 KHz - 2472000 KHz @ 40000 KHz), (N/A, 2000 mBm), (N/A)
Mar  7 14:36:48 raspberrypi kernel: [   59.620986] cfg80211:   (2457000 KHz - 2482000 KHz @ 20000 KHz, 92000 KHz AUTO), (N/A, 2000 mBm), (N/A)
Mar  7 14:36:48 raspberrypi kernel: [   59.621005] cfg80211:   (2474000 KHz - 2494000 KHz @ 20000 KHz), (N/A, 2000 mBm), (N/A)
Mar  7 14:36:48 raspberrypi kernel: [   59.621025] cfg80211:   (5170000 KHz - 5250000 KHz @ 80000 KHz, 160000 KHz AUTO), (N/A, 2000 mBm), (N/A)
Mar  7 14:36:48 raspberrypi kernel: [   59.621042] cfg80211:   (5250000 KHz - 5330000 KHz @ 80000 KHz, 160000 KHz AUTO), (N/A, 2000 mBm), (0 s)
Mar  7 14:36:48 raspberrypi kernel: [   59.621059] cfg80211:   (5490000 KHz - 5730000 KHz @ 160000 KHz), (N/A, 2000 mBm), (0 s)
Mar  7 14:36:48 raspberrypi kernel: [   59.621074] cfg80211:   (5735000 KHz - 5835000 KHz @ 80000 KHz), (N/A, 2000 mBm), (N/A)
Mar  7 14:36:48 raspberrypi kernel: [   59.621094] cfg80211:   (57240000 KHz - 63720000 KHz @ 2160000 KHz), (N/A, 0 mBm), (N/A)
Mar  7 14:36:50 raspberrypi kernel: [   61.031933] Adding 102396k swap on /var/swap.  Priority:-1 extents:3 across:208892k SSFS
Mar  7 14:36:50 raspberrypi kernel: [   61.578672] smsc95xx 1-1.1:1.0 eth0: hardware isn't capable of remote wakeup
Mar  7 14:36:50 raspberrypi kernel: [   61.585886] IPv6: ADDRCONF(NETDEV_UP): eth0: link is not ready
Mar  7 14:36:52 raspberrypi kernel: [   63.063294] smsc95xx 1-1.1:1.0 eth0: link up, 100Mbps, full-duplex, lpa 0xCDE1
Mar  7 14:36:52 raspberrypi kernel: [   63.072560] IPv6: ADDRCONF(NETDEV_CHANGE): eth0: link becomes ready
Mar  7 14:41:30 raspberrypi rsyslogd: [origin software="rsyslogd" swVersion="8.4.2" x-pid="343" x-info="http://www.rsyslog.com"] exiting on signal 15.
Mar  7 14:42:21 raspberrypi rsyslogd: [origin software="rsyslogd" swVersion="8.4.2" x-pid="341" x-info="http://www.rsyslog.com"] start
Mar  7 14:42:21 raspberrypi kernel: [    0.000000] Booting Linux on physical CPU 0x0
Mar  7 14:42:21 raspberrypi kernel: [    0.000000] Initializing cgroup subsys cpuset
Mar  7 14:42:21 raspberrypi kernel: [    0.000000] Initializing cgroup subsys cpu
Mar  7 14:42:21 raspberrypi kernel: [    0.000000] Initializing cgroup subsys cpuacct
Mar  7 14:42:21 raspberrypi kernel: [    0.000000] Linux version 4.4.50+ (dc4@dc4-XPS13-9333) (gcc version 4.9.3 (crosstool-NG crosstool-ng-1.22.0-88-g8460611) ) #970 Mon Feb 20 19:12:50 GMT 2017
Mar  7 14:42:21 raspberrypi kernel: [    0.000000] CPU: ARMv6-compatible processor [410fb767] revision 7 (ARMv7), cr=00c5387d
Mar  7 14:42:21 raspberrypi kernel: [    0.000000] CPU: PIPT / VIPT nonaliasing data cache, VIPT nonaliasing instruction cache
Mar  7 14:42:21 raspberrypi kernel: [    0.000000] Machine model: Raspberry Pi Model B Plus Rev 1.2
Mar  7 14:42:21 raspberrypi kernel: [    0.000000] cma: Reserved 8 MiB at 0x1b400000
Mar  7 14:42:21 raspberrypi kernel: [    0.000000] Memory policy: Data cache writeback
Mar  7 14:42:21 raspberrypi kernel: [    0.000000] Built 1 zonelists in Zone order, mobility grouping on.  Total pages: 113680
Mar  7 14:42:21 raspberrypi kernel: [    0.000000] Kernel command line: bcm2708_fb.fbwidth=1824 bcm2708_fb.fbheight=984 bcm2708_fb.fbswap=1 dma.dmachans=0x7f35 bcm2708.boardrev=0x10 bcm2708.serial=0x98083433 bcm2708.uart_clock=48000000 bcm2708.disk_led_gpio=47 bcm2708.disk_led_active_low=0 smsc95xx.macaddr=B8:27:EB:08:34:33 vc_mem.mem_base=0x1ec00000 vc_mem.mem_size=0x20000000  dwc_otg.lpm_enable=0 console=ttyAMA0,115200 console=tty1 root=/dev/mmcblk0p2 rootfstype=ext4 elevator=deadline fsck.repair=yes rootwait
Mar  7 14:42:21 raspberrypi kernel: [    0.000000] PID hash table entries: 2048 (order: 1, 8192 bytes)
Mar  7 14:42:21 raspberrypi kernel: [    0.000000] Dentry cache hash table entries: 65536 (order: 6, 262144 bytes)
Mar  7 14:42:21 raspberrypi kernel: [    0.000000] Inode-cache hash table entries: 32768 (order: 5, 131072 bytes)
Mar  7 14:42:21 raspberrypi kernel: [    0.000000] Memory: 436516K/458752K available (6063K kernel code, 437K rwdata, 1844K rodata, 376K init, 726K bss, 14044K reserved, 8192K cma-reserved)
Mar  7 14:42:21 raspberrypi kernel: [    0.000000] Virtual kernel memory layout:
Mar  7 14:42:21 raspberrypi kernel: [    0.000000]     vector  : 0xffff0000 - 0xffff1000   (   4 kB)
Mar  7 14:42:21 raspberrypi kernel: [    0.000000]     fixmap  : 0xffc00000 - 0xfff00000   (3072 kB)
Mar  7 14:42:21 raspberrypi kernel: [    0.000000]     vmalloc : 0xdc800000 - 0xff800000   ( 560 MB)
Mar  7 14:42:21 raspberrypi kernel: [    0.000000]     lowmem  : 0xc0000000 - 0xdc000000   ( 448 MB)
Mar  7 14:42:21 raspberrypi kernel: [    0.000000]     modules : 0xbf000000 - 0xc0000000   (  16 MB)
Mar  7 14:42:21 raspberrypi kernel: [    0.000000]       .text : 0xc0008000 - 0xc07c1094   (7909 kB)
Mar  7 14:42:21 raspberrypi kernel: [    0.000000]       .init : 0xc07c2000 - 0xc0820000   ( 376 kB)
Mar  7 14:42:21 raspberrypi kernel: [    0.000000]       .data : 0xc0820000 - 0xc088d590   ( 438 kB)
Mar  7 14:42:21 raspberrypi kernel: [    0.000000]        .bss : 0xc088d590 - 0xc0943150   ( 727 kB)
Mar  7 14:42:21 raspberrypi kernel: [    0.000000] SLUB: HWalign=32, Order=0-3, MinObjects=0, CPUs=1, Nodes=1
Mar  7 14:42:21 raspberrypi kernel: [    0.000000] NR_IRQS:16 nr_irqs:16 16
Mar  7 14:42:21 raspberrypi kernel: [    0.000029] sched_clock: 32 bits at 1000kHz, resolution 1000ns, wraps every 2147483647500ns
Mar  7 14:42:21 raspberrypi kernel: [    0.000070] clocksource: timer: mask: 0xffffffff max_cycles: 0xffffffff, max_idle_ns: 1911260446275 ns
Mar  7 14:42:21 raspberrypi kernel: [    0.000167] bcm2835: system timer (irq = 27)
Mar  7 14:42:21 raspberrypi kernel: [    0.000475] Console: colour dummy device 80x30
Mar  7 14:42:21 raspberrypi kernel: [    0.001422] console [tty1] enabled
Mar  7 14:42:21 raspberrypi kernel: [    0.001475] Calibrating delay loop... 697.95 BogoMIPS (lpj=3489792)
Mar  7 14:42:21 raspberrypi kernel: [    0.060341] pid_max: default: 32768 minimum: 301
Mar  7 14:42:21 raspberrypi kernel: [    0.060744] Mount-cache hash table entries: 1024 (order: 0, 4096 bytes)
Mar  7 14:42:21 raspberrypi kernel: [    0.060815] Mountpoint-cache hash table entries: 1024 (order: 0, 4096 bytes)
Mar  7 14:42:21 raspberrypi kernel: [    0.061839] Disabling cpuset control group subsystem
Mar  7 14:42:21 raspberrypi kernel: [    0.061940] Initializing cgroup subsys io
Mar  7 14:42:21 raspberrypi kernel: [    0.062006] Initializing cgroup subsys memory
Mar  7 14:42:21 raspberrypi kernel: [    0.062094] Initializing cgroup subsys devices
Mar  7 14:42:21 raspberrypi kernel: [    0.062156] Initializing cgroup subsys freezer
Mar  7 14:42:21 raspberrypi kernel: [    0.062214] Initializing cgroup subsys net_cls
Mar  7 14:42:21 raspberrypi kernel: [    0.062332] CPU: Testing write buffer coherency: ok
Mar  7 14:42:21 raspberrypi kernel: [    0.062446] ftrace: allocating 20652 entries in 61 pages
Mar  7 14:42:21 raspberrypi kernel: [    0.173446] Setting up static identity map for 0x81c0 - 0x81f8
Mar  7 14:42:21 raspberrypi kernel: [    0.175377] devtmpfs: initialized
Mar  7 14:42:21 raspberrypi kernel: [    0.184689] VFP support v0.3: implementor 41 architecture 1 part 20 variant b rev 5
Mar  7 14:42:21 raspberrypi kernel: [    0.185308] clocksource: jiffies: mask: 0xffffffff max_cycles: 0xffffffff, max_idle_ns: 19112604462750000 ns
Mar  7 14:42:21 raspberrypi kernel: [    0.187206] pinctrl core: initialized pinctrl subsystem
Mar  7 14:42:21 raspberrypi kernel: [    0.188186] NET: Registered protocol family 16
Mar  7 14:42:21 raspberrypi kernel: [    0.193889] DMA: preallocated 4096 KiB pool for atomic coherent allocations
Mar  7 14:42:21 raspberrypi kernel: [    0.202375] hw-breakpoint: found 6 breakpoint and 1 watchpoint registers.
Mar  7 14:42:21 raspberrypi kernel: [    0.202463] hw-breakpoint: maximum watchpoint size is 4 bytes.
Mar  7 14:42:21 raspberrypi kernel: [    0.202646] Serial: AMBA PL011 UART driver
Mar  7 14:42:21 raspberrypi kernel: [    0.203184] 20201000.uart: ttyAMA0 at MMIO 0x20201000 (irq = 81, base_baud = 0) is a PL011 rev2
Mar  7 14:42:21 raspberrypi kernel: [    0.573915] console [ttyAMA0] enabled
Mar  7 14:42:21 raspberrypi kernel: [    0.578429] bcm2835-mbox 2000b880.mailbox: mailbox enabled
Mar  7 14:42:21 raspberrypi kernel: [    0.628749] bcm2835-dma 20007000.dma: DMA legacy API manager at f2007000, dmachans=0x1
Mar  7 14:42:21 raspberrypi kernel: [    0.637796] SCSI subsystem initialized
Mar  7 14:42:21 raspberrypi kernel: [    0.641932] usbcore: registered new interface driver usbfs
Mar  7 14:42:21 raspberrypi kernel: [    0.647664] usbcore: registered new interface driver hub
Mar  7 14:42:21 raspberrypi kernel: [    0.653191] usbcore: registered new device driver usb
Mar  7 14:42:21 raspberrypi kernel: [    0.668435] raspberrypi-firmware soc:firmware: Attached to firmware from 2017-03-03 13:42
Mar  7 14:42:21 raspberrypi kernel: [    0.704460] clocksource: Switched to clocksource timer
Mar  7 14:42:21 raspberrypi kernel: [    0.761349] FS-Cache: Loaded
Mar  7 14:42:21 raspberrypi kernel: [    0.764820] CacheFiles: Loaded
Mar  7 14:42:21 raspberrypi kernel: [    0.787848] NET: Registered protocol family 2
Mar  7 14:42:21 raspberrypi kernel: [    0.793601] TCP established hash table entries: 4096 (order: 2, 16384 bytes)
Mar  7 14:42:21 raspberrypi kernel: [    0.800901] TCP bind hash table entries: 4096 (order: 2, 16384 bytes)
Mar  7 14:42:21 raspberrypi kernel: [    0.807526] TCP: Hash tables configured (established 4096 bind 4096)
Mar  7 14:42:21 raspberrypi kernel: [    0.814154] UDP hash table entries: 256 (order: 0, 4096 bytes)
Mar  7 14:42:21 raspberrypi kernel: [    0.820117] UDP-Lite hash table entries: 256 (order: 0, 4096 bytes)
Mar  7 14:42:21 raspberrypi kernel: [    0.826850] NET: Registered protocol family 1
Mar  7 14:42:21 raspberrypi kernel: [    0.831843] RPC: Registered named UNIX socket transport module.
Mar  7 14:42:21 raspberrypi kernel: [    0.837906] RPC: Registered udp transport module.
Mar  7 14:42:21 raspberrypi kernel: [    0.842649] RPC: Registered tcp transport module.
Mar  7 14:42:21 raspberrypi kernel: [    0.847431] RPC: Registered tcp NFSv4.1 backchannel transport module.
Mar  7 14:42:21 raspberrypi kernel: [    0.855344] hw perfevents: enabled with armv6_1176 PMU driver, 3 counters available
Mar  7 14:42:21 raspberrypi kernel: [    0.864610] futex hash table entries: 256 (order: -1, 3072 bytes)
Mar  7 14:42:21 raspberrypi kernel: [    0.887841] VFS: Disk quotas dquot_6.6.0
Mar  7 14:42:21 raspberrypi kernel: [    0.892249] VFS: Dquot-cache hash table entries: 1024 (order 0, 4096 bytes)
Mar  7 14:42:21 raspberrypi kernel: [    0.902132] FS-Cache: Netfs 'nfs' registered for caching
Mar  7 14:42:21 raspberrypi kernel: [    0.908971] NFS: Registering the id_resolver key type
Mar  7 14:42:21 raspberrypi kernel: [    0.914159] Key type id_resolver registered
Mar  7 14:42:21 raspberrypi kernel: [    0.918509] Key type id_legacy registered
Mar  7 14:42:21 raspberrypi kernel: [    0.927080] Block layer SCSI generic (bsg) driver version 0.4 loaded (major 252)
Mar  7 14:42:21 raspberrypi kernel: [    0.935108] io scheduler noop registered
Mar  7 14:42:21 raspberrypi kernel: [    0.939119] io scheduler deadline registered (default)
Mar  7 14:42:21 raspberrypi kernel: [    0.944849] io scheduler cfq registered
Mar  7 14:42:21 raspberrypi kernel: [    0.951495] BCM2708FB: allocated DMA memory 5b800000
Mar  7 14:42:21 raspberrypi kernel: [    0.956682] BCM2708FB: allocated DMA channel 0 @ f2007000
Mar  7 14:42:21 raspberrypi kernel: [    1.007439] Console: switching to colour frame buffer device 228x61
Mar  7 14:42:21 raspberrypi kernel: [    1.049979] bcm2835-rng 20104000.rng: hwrng registered
Mar  7 14:42:21 raspberrypi kernel: [    1.055670] vc-cma: Videocore CMA driver
Mar  7 14:42:21 raspberrypi kernel: [    1.059772] vc-cma: vc_cma_base      = 0x00000000
Mar  7 14:42:21 raspberrypi kernel: [    1.064729] vc-cma: vc_cma_size      = 0x00000000 (0 MiB)
Mar  7 14:42:21 raspberrypi kernel: [    1.070337] vc-cma: vc_cma_initial   = 0x00000000 (0 MiB)
Mar  7 14:42:21 raspberrypi kernel: [    1.076494] vc-mem: phys_addr:0x00000000 mem_base=0x1ec00000 mem_size:0x20000000(512 MiB)
Mar  7 14:42:21 raspberrypi kernel: [    1.113138] brd: module loaded
Mar  7 14:42:21 raspberrypi kernel: [    1.130159] loop: module loaded
Mar  7 14:42:21 raspberrypi kernel: [    1.134972] vchiq: vchiq_init_state: slot_zero = 0xdb880000, is_master = 0
Mar  7 14:42:21 raspberrypi kernel: [    1.144871] Loading iSCSI transport class v2.0-870.
Mar  7 14:42:21 raspberrypi kernel: [    1.151591] usbcore: registered new interface driver smsc95xx
Mar  7 14:42:21 raspberrypi kernel: [    1.157993] dwc_otg: version 3.00a 10-AUG-2012 (platform bus)
Mar  7 14:42:21 raspberrypi kernel: [    1.364789] Core Release: 2.80a
Mar  7 14:42:21 raspberrypi kernel: [    1.368103] Setting default values for core params
Mar  7 14:42:21 raspberrypi kernel: [    1.373108] Finished setting default values for core params
Mar  7 14:42:21 raspberrypi kernel: [    1.579363] Using Buffer DMA mode
Mar  7 14:42:21 raspberrypi kernel: [    1.582859] Periodic Transfer Interrupt Enhancement - disabled
Mar  7 14:42:21 raspberrypi kernel: [    1.588966] Multiprocessor Interrupt Enhancement - disabled
Mar  7 14:42:21 raspberrypi kernel: [    1.594803] OTG VER PARAM: 0, OTG VER FLAG: 0
Mar  7 14:42:21 raspberrypi kernel: [    1.599401] Dedicated Tx FIFOs mode
Mar  7 14:42:21 raspberrypi kernel: [    1.603677] WARN::dwc_otg_hcd_init:1047: FIQ DMA bounce buffers: virt = 0xdb814000 dma = 0x5b814000 len=9024
Mar  7 14:42:21 raspberrypi kernel: [    1.613991] FIQ FSM acceleration enabled for :
Mar  7 14:42:21 raspberrypi kernel: [    1.613991] Non-periodic Split Transactions
Mar  7 14:42:21 raspberrypi kernel: [    1.613991] Periodic Split Transactions
Mar  7 14:42:21 raspberrypi kernel: [    1.613991] High-Speed Isochronous Endpoints
Mar  7 14:42:21 raspberrypi kernel: [    1.613991] Interrupt/Control Split Transaction hack enabled
Mar  7 14:42:21 raspberrypi kernel: [    1.645959] WARN::hcd_init_fiq:415: FIQ on core 0 at 0xc040a120
Mar  7 14:42:21 raspberrypi kernel: [    1.660879] WARN::hcd_init_fiq:416: FIQ ASM at 0xc040a3fc length 36
Mar  7 14:42:21 raspberrypi kernel: [    1.676086] WARN::hcd_init_fiq:441: MPHI regs_base at 0xdc898000
Mar  7 14:42:21 raspberrypi kernel: [    1.691073] dwc_otg 20980000.usb: DWC OTG Controller
Mar  7 14:42:21 raspberrypi kernel: [    1.704998] dwc_otg 20980000.usb: new USB bus registered, assigned bus number 1
Mar  7 14:42:21 raspberrypi kernel: [    1.721049] dwc_otg 20980000.usb: irq 56, io mem 0x00000000
Mar  7 14:42:21 raspberrypi kernel: [    1.735257] Init: Port Power? op_state=1
Mar  7 14:42:21 raspberrypi kernel: [    1.747648] Init: Power Port (0)
Mar  7 14:42:21 raspberrypi kernel: [    1.759954] usb usb1: New USB device found, idVendor=1d6b, idProduct=0002
Mar  7 14:42:21 raspberrypi kernel: [    1.775725] usb usb1: New USB device strings: Mfr=3, Product=2, SerialNumber=1
Mar  7 14:42:21 raspberrypi kernel: [    1.791887] usb usb1: Product: DWC OTG Controller
Mar  7 14:42:21 raspberrypi kernel: [    1.805568] usb usb1: Manufacturer: Linux 4.4.50+ dwc_otg_hcd
Mar  7 14:42:21 raspberrypi kernel: [    1.820004] usb usb1: SerialNumber: 20980000.usb
Mar  7 14:42:21 raspberrypi kernel: [    1.834785] hub 1-0:1.0: USB hub found
Mar  7 14:42:21 raspberrypi kernel: [    1.847286] hub 1-0:1.0: 1 port detected
Mar  7 14:42:21 raspberrypi kernel: [    1.861856] usbcore: registered new interface driver usb-storage
Mar  7 14:42:21 raspberrypi kernel: [    1.877504] mousedev: PS/2 mouse device common for all mice
Mar  7 14:42:21 raspberrypi kernel: [    1.893313] bcm2835-cpufreq: min=700000 max=700000
Mar  7 14:42:21 raspberrypi kernel: [    1.907372] sdhci: Secure Digital Host Controller Interface driver
Mar  7 14:42:21 raspberrypi kernel: [    1.922237] sdhci: Copyright(c) Pierre Ossman
Mar  7 14:42:21 raspberrypi kernel: [    1.935562] sdhost: log_buf @ db813000 (5b813000)
Mar  7 14:42:21 raspberrypi kernel: [    2.004560] mmc0: sdhost-bcm2835 loaded - DMA enabled (>1)
Mar  7 14:42:21 raspberrypi kernel: [    2.039481] sdhci-pltfm: SDHCI platform and OF driver helper
Mar  7 14:42:21 raspberrypi kernel: [    2.060338] ledtrig-cpu: registered to indicate activity on CPUs
Mar  7 14:42:21 raspberrypi kernel: [    2.075536] Indeed it is in host mode hprt0 = 00021501
Mar  7 14:42:21 raspberrypi kernel: [    2.152721] hidraw: raw HID events driver (C) Jiri Kosina
Mar  7 14:42:21 raspberrypi kernel: [    2.171734] usbcore: registered new interface driver usbhid
Mar  7 14:42:21 raspberrypi kernel: [    2.186065] usbhid: USB HID core driver
Mar  7 14:42:21 raspberrypi kernel: [    2.200517] Initializing XFRM netlink socket
Mar  7 14:42:21 raspberrypi kernel: [    2.214005] NET: Registered protocol family 17
Mar  7 14:42:21 raspberrypi kernel: [    2.228606] Key type dns_resolver registered
Mar  7 14:42:21 raspberrypi kernel: [    2.246959] registered taskstats version 1
Mar  7 14:42:21 raspberrypi kernel: [    2.262449] vc-sm: Videocore shared memory driver
Mar  7 14:42:21 raspberrypi kernel: [    2.276835] [vc_sm_connected_init]: start
Mar  7 14:42:21 raspberrypi kernel: [    2.289969] mmc0: host does not support reading read-only switch, assuming write-enable
Mar  7 14:42:21 raspberrypi kernel: [    2.308105] [vc_sm_connected_init]: end - returning 0
Mar  7 14:42:21 raspberrypi kernel: [    2.323486] of_cfs_init
Mar  7 14:42:21 raspberrypi kernel: [    2.335275] usb 1-1: new high-speed USB device number 2 using dwc_otg
Mar  7 14:42:21 raspberrypi kernel: [    2.350850] mmc0: new high speed SDHC card at address e624
Mar  7 14:42:21 raspberrypi kernel: [    2.365367] of_cfs_init: OK
Mar  7 14:42:21 raspberrypi kernel: [    2.378091] Indeed it is in host mode hprt0 = 00001101
Mar  7 14:42:21 raspberrypi kernel: [    2.453299] mmcblk0: mmc0:e624 SU08G 7.40 GiB
Mar  7 14:42:21 raspberrypi kernel: [    2.471251]  mmcblk0: p1 p2
Mar  7 14:42:21 raspberrypi kernel: [    2.527172] EXT4-fs (mmcblk0p2): mounted filesystem with ordered data mode. Opts: (null)
Mar  7 14:42:21 raspberrypi kernel: [    2.544841] VFS: Mounted root (ext4 filesystem) readonly on device 179:2.
Mar  7 14:42:21 raspberrypi kernel: [    2.585255] devtmpfs: mounted
Mar  7 14:42:21 raspberrypi kernel: [    2.598675] Freeing unused kernel memory: 376K (c07c2000 - c0820000)
Mar  7 14:42:21 raspberrypi kernel: [    2.614781] usb 1-1: New USB device found, idVendor=0424, idProduct=9514
Mar  7 14:42:21 raspberrypi kernel: [    2.630646] usb 1-1: New USB device strings: Mfr=0, Product=0, SerialNumber=0
Mar  7 14:42:21 raspberrypi kernel: [    2.650591] hub 1-1:1.0: USB hub found
Mar  7 14:42:21 raspberrypi kernel: [    2.664002] hub 1-1:1.0: 5 ports detected
Mar  7 14:42:21 raspberrypi kernel: [    2.954585] usb 1-1.1: new high-speed USB device number 3 using dwc_otg
Mar  7 14:42:21 raspberrypi kernel: [    3.085174] usb 1-1.1: New USB device found, idVendor=0424, idProduct=ec00
Mar  7 14:42:21 raspberrypi kernel: [    3.101201] usb 1-1.1: New USB device strings: Mfr=0, Product=0, SerialNumber=0
Mar  7 14:42:21 raspberrypi kernel: [    3.121974] smsc95xx v1.0.4
Mar  7 14:42:21 raspberrypi kernel: [    3.203371] smsc95xx 1-1.1:1.0 eth0: register 'smsc95xx' at usb-20980000.usb-1.1, smsc95xx USB 2.0 Ethernet, b8:27:eb:08:34:33
Mar  7 14:42:21 raspberrypi kernel: [    3.304595] usb 1-1.2: new full-speed USB device number 4 using dwc_otg
Mar  7 14:42:21 raspberrypi kernel: [    3.451612] usb 1-1.2: New USB device found, idVendor=046d, idProduct=c52b
Mar  7 14:42:21 raspberrypi kernel: [    3.468052] usb 1-1.2: New USB device strings: Mfr=1, Product=2, SerialNumber=0
Mar  7 14:42:21 raspberrypi kernel: [    3.484649] usb 1-1.2: Product: USB Receiver
Mar  7 14:42:21 raspberrypi kernel: [    3.498105] usb 1-1.2: Manufacturer: Logitech
Mar  7 14:42:21 raspberrypi kernel: [    3.555226] random: systemd: uninitialized urandom read (16 bytes read, 55 bits of entropy available)
Mar  7 14:42:21 raspberrypi kernel: [    3.872099] NET: Registered protocol family 10
Mar  7 14:42:21 raspberrypi kernel: [    4.147123] uart-pl011 20201000.uart: no DMA platform data
Mar  7 14:42:21 raspberrypi kernel: [    4.252950] random: systemd-sysv-ge: uninitialized urandom read (16 bytes read, 57 bits of entropy available)
Mar  7 14:42:21 raspberrypi kernel: [    4.527063] random: systemd: uninitialized urandom read (16 bytes read, 59 bits of entropy available)
Mar  7 14:42:21 raspberrypi kernel: [    4.549228] random: systemd: uninitialized urandom read (16 bytes read, 59 bits of entropy available)
Mar  7 14:42:21 raspberrypi kernel: [    4.571412] random: systemd: uninitialized urandom read (16 bytes read, 59 bits of entropy available)
Mar  7 14:42:21 raspberrypi kernel: [    4.650914] random: systemd: uninitialized urandom read (16 bytes read, 59 bits of entropy available)
Mar  7 14:42:21 raspberrypi kernel: [    4.671821] random: systemd: uninitialized urandom read (16 bytes read, 59 bits of entropy available)
Mar  7 14:42:21 raspberrypi kernel: [    4.691170] random: systemd: uninitialized urandom read (16 bytes read, 59 bits of entropy available)
Mar  7 14:42:21 raspberrypi kernel: [    4.805160] random: systemd: uninitialized urandom read (16 bytes read, 59 bits of entropy available)
Mar  7 14:42:21 raspberrypi kernel: [    4.862580] random: systemd: uninitialized urandom read (16 bytes read, 60 bits of entropy available)
Mar  7 14:42:21 raspberrypi kernel: [    9.921364] bcm2835-wdt 20100000.watchdog: Broadcom BCM2835 watchdog timer
Mar  7 14:42:21 raspberrypi kernel: [    9.963158] gpiomem-bcm2835 20200000.gpiomem: Initialised: Registers at 0x20200000
Mar  7 14:42:21 raspberrypi kernel: [   10.669632] logitech-djreceiver 0003:046D:C52B.0003: hiddev0,hidraw0: USB HID v1.11 Device [Logitech USB Receiver] on usb-20980000.usb-1.2/input2
Mar  7 14:42:21 raspberrypi kernel: [   12.921697] input: Logitech K750 as /devices/platform/soc/20980000.usb/usb1/1-1/1-1.2/1-1.2:1.2/0003:046D:C52B.0003/0003:046D:4012.0004/input/input0
Mar  7 14:42:21 raspberrypi kernel: [   12.931449] logitech-hidpp-device 0003:046D:4012.0004: input,hidraw1: USB HID v1.11 Keyboard [Logitech K750] on usb-20980000.usb-1.2:1
Mar  7 14:42:21 raspberrypi kernel: [   13.583461] random: nonblocking pool is initialized
Mar  7 14:42:21 raspberrypi kernel: [   31.691769] EXT4-fs (mmcblk0p2): re-mounted. Opts: (null)
Mar  7 14:42:21 raspberrypi kernel: [   55.355082] cfg80211: World regulatory domain updated:
Mar  7 14:42:21 raspberrypi kernel: [   55.355136] cfg80211:  DFS Master region: unset
Mar  7 14:42:21 raspberrypi kernel: [   55.355154] cfg80211:   (start_freq - end_freq @ bandwidth), (max_antenna_gain, max_eirp), (dfs_cac_time)
Mar  7 14:42:21 raspberrypi kernel: [   55.355180] cfg80211:   (2402000 KHz - 2472000 KHz @ 40000 KHz), (N/A, 2000 mBm), (N/A)
Mar  7 14:42:21 raspberrypi kernel: [   55.355202] cfg80211:   (2457000 KHz - 2482000 KHz @ 20000 KHz, 92000 KHz AUTO), (N/A, 2000 mBm), (N/A)
Mar  7 14:42:21 raspberrypi kernel: [   55.355221] cfg80211:   (2474000 KHz - 2494000 KHz @ 20000 KHz), (N/A, 2000 mBm), (N/A)
Mar  7 14:42:21 raspberrypi kernel: [   55.355239] cfg80211:   (5170000 KHz - 5250000 KHz @ 80000 KHz, 160000 KHz AUTO), (N/A, 2000 mBm), (N/A)
Mar  7 14:42:21 raspberrypi kernel: [   55.355261] cfg80211:   (5250000 KHz - 5330000 KHz @ 80000 KHz, 160000 KHz AUTO), (N/A, 2000 mBm), (0 s)
Mar  7 14:42:21 raspberrypi kernel: [   55.355280] cfg80211:   (5490000 KHz - 5730000 KHz @ 160000 KHz), (N/A, 2000 mBm), (0 s)
Mar  7 14:42:21 raspberrypi kernel: [   55.355295] cfg80211:   (5735000 KHz - 5835000 KHz @ 80000 KHz), (N/A, 2000 mBm), (N/A)
Mar  7 14:42:21 raspberrypi kernel: [   55.355311] cfg80211:   (57240000 KHz - 63720000 KHz @ 2160000 KHz), (N/A, 0 mBm), (N/A)
Mar  7 14:42:22 raspberrypi kernel: [   56.703688] Adding 102396k swap on /var/swap.  Priority:-1 extents:3 across:208892k SSFS
Mar  7 14:42:23 raspberrypi kernel: [   57.268702] smsc95xx 1-1.1:1.0 eth0: hardware isn't capable of remote wakeup
Mar  7 14:42:23 raspberrypi kernel: [   57.275842] IPv6: ADDRCONF(NETDEV_UP): eth0: link is not ready
Mar  7 14:42:25 raspberrypi kernel: [   58.737696] smsc95xx 1-1.1:1.0 eth0: link up, 100Mbps, full-duplex, lpa 0xCDE1
Mar  7 14:42:25 raspberrypi kernel: [   58.743442] IPv6: ADDRCONF(NETDEV_CHANGE): eth0: link becomes ready
Mar  7 14:54:15 raspberrypi kernel: [  756.736705] smsc95xx 1-1.1:1.0 eth0: link down
Mar  7 14:54:22 raspberrypi kernel: [  763.534567] usb 1-1.4: new full-speed USB device number 5 using dwc_otg
Mar  7 14:54:22 raspberrypi kernel: [  763.643340] usb 1-1.4: New USB device found, idVendor=0d8c, idProduct=013c
Mar  7 14:54:22 raspberrypi kernel: [  763.643387] usb 1-1.4: New USB device strings: Mfr=1, Product=2, SerialNumber=0
Mar  7 14:54:22 raspberrypi kernel: [  763.643410] usb 1-1.4: Product: USB PnP Sound Device
Mar  7 14:54:22 raspberrypi kernel: [  763.643429] usb 1-1.4: Manufacturer: C-Media Electronics Inc.      
Mar  7 14:54:22 raspberrypi kernel: [  763.677278] input: C-Media Electronics Inc.       USB PnP Sound Device as /devices/platform/soc/20980000.usb/usb1/1-1/1-1.4/1-1.4:1.3/0003:0D8C:013C.0005/input/input1
Mar  7 14:54:22 raspberrypi kernel: [  763.735740] hid-generic 0003:0D8C:013C.0005: input,hidraw2: USB HID v1.00 Device [C-Media Electronics Inc.       USB PnP Sound Device] on usb-20980000.usb-1.4/input3
Mar  7 14:54:22 raspberrypi kernel: [  763.912583] usbcore: registered new interface driver snd-usb-audio
Mar  7 14:56:06 raspberrypi kernel: [  867.506008] usb 1-1.4: USB disconnect, device number 5
Mar  7 14:56:06 raspberrypi kernel: [  867.754564] usb 1-1.4: new full-speed USB device number 6 using dwc_otg
Mar  7 14:56:06 raspberrypi kernel: [  867.863526] usb 1-1.4: New USB device found, idVendor=0d8c, idProduct=013c
Mar  7 14:56:06 raspberrypi kernel: [  867.863570] usb 1-1.4: New USB device strings: Mfr=1, Product=2, SerialNumber=0
Mar  7 14:56:06 raspberrypi kernel: [  867.863590] usb 1-1.4: Product: USB PnP Sound Device
Mar  7 14:56:06 raspberrypi kernel: [  867.863609] usb 1-1.4: Manufacturer: C-Media Electronics Inc.      
Mar  7 14:56:06 raspberrypi kernel: [  867.931773] input: C-Media Electronics Inc.       USB PnP Sound Device as /devices/platform/soc/20980000.usb/usb1/1-1/1-1.4/1-1.4:1.3/0003:0D8C:013C.0006/input/input2
Mar  7 14:56:06 raspberrypi kernel: [  867.987097] hid-generic 0003:0D8C:013C.0006: input,hidraw2: USB HID v1.00 Device [C-Media Electronics Inc.       USB PnP Sound Device] on usb-20980000.usb-1.4/input3
Mar  7 14:56:08 raspberrypi kernel: [  869.344794] usb 1-1.4: USB disconnect, device number 6
Mar  7 14:56:26 raspberrypi kernel: [  887.964569] usb 1-1.5: new full-speed USB device number 7 using dwc_otg
Mar  7 14:56:26 raspberrypi kernel: [  888.073519] usb 1-1.5: New USB device found, idVendor=0d8c, idProduct=013c
Mar  7 14:56:26 raspberrypi kernel: [  888.073564] usb 1-1.5: New USB device strings: Mfr=1, Product=2, SerialNumber=0
Mar  7 14:56:26 raspberrypi kernel: [  888.073583] usb 1-1.5: Product: USB PnP Sound Device
Mar  7 14:56:26 raspberrypi kernel: [  888.073602] usb 1-1.5: Manufacturer: C-Media Electronics Inc.      
Mar  7 14:56:27 raspberrypi kernel: [  888.155312] input: C-Media Electronics Inc.       USB PnP Sound Device as /devices/platform/soc/20980000.usb/usb1/1-1/1-1.5/1-1.5:1.3/0003:0D8C:013C.0007/input/input3
Mar  7 14:56:27 raspberrypi kernel: [  888.215807] hid-generic 0003:0D8C:013C.0007: input,hidraw2: USB HID v1.00 Device [C-Media Electronics Inc.       USB PnP Sound Device] on usb-20980000.usb-1.5/input3
Mar  7 14:59:36 raspberrypi kernel: [ 1077.885980] usb 1-1.5: USB disconnect, device number 7
Mar  7 14:59:37 raspberrypi kernel: [ 1078.294565] usb 1-1.5: new full-speed USB device number 8 using dwc_otg
Mar  7 14:59:37 raspberrypi kernel: [ 1078.403624] usb 1-1.5: New USB device found, idVendor=0d8c, idProduct=013c
Mar  7 14:59:37 raspberrypi kernel: [ 1078.403667] usb 1-1.5: New USB device strings: Mfr=1, Product=2, SerialNumber=0
Mar  7 14:59:37 raspberrypi kernel: [ 1078.403690] usb 1-1.5: Product: USB PnP Sound Device
Mar  7 14:59:37 raspberrypi kernel: [ 1078.403707] usb 1-1.5: Manufacturer: C-Media Electronics Inc.      
Mar  7 14:59:37 raspberrypi kernel: [ 1078.474227] input: C-Media Electronics Inc.       USB PnP Sound Device as /devices/platform/soc/20980000.usb/usb1/1-1/1-1.5/1-1.5:1.3/0003:0D8C:013C.0008/input/input4
Mar  7 14:59:37 raspberrypi kernel: [ 1078.526686] hid-generic 0003:0D8C:013C.0008: input,hidraw2: USB HID v1.00 Device [C-Media Electronics Inc.       USB PnP Sound Device] on usb-20980000.usb-1.5/input3
Mar  7 14:59:53 raspberrypi kernel: [ 1094.635945] usb 1-1.5: USB disconnect, device number 8
Mar  7 14:59:53 raspberrypi kernel: [ 1094.894579] usb 1-1.5: new full-speed USB device number 9 using dwc_otg
Mar  7 14:59:53 raspberrypi kernel: [ 1095.003513] usb 1-1.5: New USB device found, idVendor=0d8c, idProduct=013c
Mar  7 14:59:53 raspberrypi kernel: [ 1095.003556] usb 1-1.5: New USB device strings: Mfr=1, Product=2, SerialNumber=0
Mar  7 14:59:53 raspberrypi kernel: [ 1095.003576] usb 1-1.5: Product: USB PnP Sound Device
Mar  7 14:59:53 raspberrypi kernel: [ 1095.003594] usb 1-1.5: Manufacturer: C-Media Electronics Inc.      
Mar  7 14:59:53 raspberrypi kernel: [ 1095.073961] input: C-Media Electronics Inc.       USB PnP Sound Device as /devices/platform/soc/20980000.usb/usb1/1-1/1-1.5/1-1.5:1.3/0003:0D8C:013C.0009/input/input5
Mar  7 14:59:54 raspberrypi kernel: [ 1095.126725] hid-generic 0003:0D8C:013C.0009: input,hidraw2: USB HID v1.00 Device [C-Media Electronics Inc.       USB PnP Sound Device] on usb-20980000.usb-1.5/input3
Mar  7 14:59:56 raspberrypi kernel: [ 1098.030945] smsc95xx 1-1.1:1.0 eth0: link up, 100Mbps, full-duplex, lpa 0xCDE1
Mar  7 15:00:01 raspberrypi kernel: [ 1102.447628] usb 1-1.5: USB disconnect, device number 9
Mar  7 15:00:01 raspberrypi kernel: [ 1102.784605] usb 1-1.5: new full-speed USB device number 10 using dwc_otg
Mar  7 15:00:01 raspberrypi kernel: [ 1102.893694] usb 1-1.5: New USB device found, idVendor=0d8c, idProduct=013c
Mar  7 15:00:01 raspberrypi kernel: [ 1102.893732] usb 1-1.5: New USB device strings: Mfr=1, Product=2, SerialNumber=0
Mar  7 15:00:01 raspberrypi kernel: [ 1102.893750] usb 1-1.5: Product: USB PnP Sound Device
Mar  7 15:00:01 raspberrypi kernel: [ 1102.893766] usb 1-1.5: Manufacturer: C-Media Electronics Inc.      
Mar  7 15:00:01 raspberrypi kernel: [ 1102.966470] input: C-Media Electronics Inc.       USB PnP Sound Device as /devices/platform/soc/20980000.usb/usb1/1-1/1-1.5/1-1.5:1.3/0003:0D8C:013C.000A/input/input6
Mar  7 15:00:01 raspberrypi kernel: [ 1103.026742] hid-generic 0003:0D8C:013C.000A: input,hidraw2: USB HID v1.00 Device [C-Media Electronics Inc.       USB PnP Sound Device] on usb-20980000.usb-1.5/input3
Mar  7 15:00:14 raspberrypi rsyslogd-2007: action 'action 17' suspended, next retry is Tue Mar  7 15:00:44 2017 [try http://www.rsyslog.com/e/2007 ]
Mar  7 15:00:14 raspberrypi rsyslogd: [origin software="rsyslogd" swVersion="8.4.2" x-pid="341" x-info="http://www.rsyslog.com"] exiting on signal 15.
Mar  7 15:00:28 raspberrypi rsyslogd: [origin software="rsyslogd" swVersion="8.4.2" x-pid="340" x-info="http://www.rsyslog.com"] start
Mar  7 15:00:28 raspberrypi kernel: [    0.000000] Booting Linux on physical CPU 0x0
Mar  7 15:00:28 raspberrypi kernel: [    0.000000] Initializing cgroup subsys cpuset
Mar  7 15:00:28 raspberrypi kernel: [    0.000000] Initializing cgroup subsys cpu
Mar  7 15:00:28 raspberrypi kernel: [    0.000000] Initializing cgroup subsys cpuacct
Mar  7 15:00:28 raspberrypi kernel: [    0.000000] Linux version 4.4.50+ (dc4@dc4-XPS13-9333) (gcc version 4.9.3 (crosstool-NG crosstool-ng-1.22.0-88-g8460611) ) #970 Mon Feb 20 19:12:50 GMT 2017
Mar  7 15:00:28 raspberrypi kernel: [    0.000000] CPU: ARMv6-compatible processor [410fb767] revision 7 (ARMv7), cr=00c5387d
Mar  7 15:00:28 raspberrypi kernel: [    0.000000] CPU: PIPT / VIPT nonaliasing data cache, VIPT nonaliasing instruction cache
Mar  7 15:00:28 raspberrypi kernel: [    0.000000] Machine model: Raspberry Pi Model B Plus Rev 1.2
Mar  7 15:00:28 raspberrypi kernel: [    0.000000] cma: Reserved 8 MiB at 0x1b400000
Mar  7 15:00:28 raspberrypi kernel: [    0.000000] Memory policy: Data cache writeback
Mar  7 15:00:28 raspberrypi kernel: [    0.000000] Built 1 zonelists in Zone order, mobility grouping on.  Total pages: 113680
